Archive member included to satisfy reference by file (symbol)

/opt/st/stm32cubeide_1.8.0/plugins/com.st.stm32cube.ide.mcu.externaltools.gnu-tools-for-stm32.9-2020-q2-update.linux64_2.0.0.202105311346/tools/bin/../lib/gcc/arm-none-eabi/9.3.1/../../../../arm-none-eabi/lib/thumb/v7e-m+fp/hard/libc_nano.a(lib_a-errno.o)
                              ./Core/Src/syscalls.o (__errno)
/opt/st/stm32cubeide_1.8.0/plugins/com.st.stm32cube.ide.mcu.externaltools.gnu-tools-for-stm32.9-2020-q2-update.linux64_2.0.0.202105311346/tools/bin/../lib/gcc/arm-none-eabi/9.3.1/../../../../arm-none-eabi/lib/thumb/v7e-m+fp/hard/libc_nano.a(lib_a-exit.o)
                              /opt/st/stm32cubeide_1.8.0/plugins/com.st.stm32cube.ide.mcu.externaltools.gnu-tools-for-stm32.9-2020-q2-update.linux64_2.0.0.202105311346/tools/bin/../lib/gcc/arm-none-eabi/9.3.1/../../../../arm-none-eabi/lib/thumb/v7e-m+fp/hard/crt0.o (exit)
/opt/st/stm32cubeide_1.8.0/plugins/com.st.stm32cube.ide.mcu.externaltools.gnu-tools-for-stm32.9-2020-q2-update.linux64_2.0.0.202105311346/tools/bin/../lib/gcc/arm-none-eabi/9.3.1/../../../../arm-none-eabi/lib/thumb/v7e-m+fp/hard/libc_nano.a(lib_a-impure.o)
                              /opt/st/stm32cubeide_1.8.0/plugins/com.st.stm32cube.ide.mcu.externaltools.gnu-tools-for-stm32.9-2020-q2-update.linux64_2.0.0.202105311346/tools/bin/../lib/gcc/arm-none-eabi/9.3.1/../../../../arm-none-eabi/lib/thumb/v7e-m+fp/hard/libc_nano.a(lib_a-exit.o) (_global_impure_ptr)
/opt/st/stm32cubeide_1.8.0/plugins/com.st.stm32cube.ide.mcu.externaltools.gnu-tools-for-stm32.9-2020-q2-update.linux64_2.0.0.202105311346/tools/bin/../lib/gcc/arm-none-eabi/9.3.1/../../../../arm-none-eabi/lib/thumb/v7e-m+fp/hard/libc_nano.a(lib_a-init.o)
                              /opt/st/stm32cubeide_1.8.0/plugins/com.st.stm32cube.ide.mcu.externaltools.gnu-tools-for-stm32.9-2020-q2-update.linux64_2.0.0.202105311346/tools/bin/../lib/gcc/arm-none-eabi/9.3.1/../../../../arm-none-eabi/lib/thumb/v7e-m+fp/hard/crt0.o (__libc_init_array)
/opt/st/stm32cubeide_1.8.0/plugins/com.st.stm32cube.ide.mcu.externaltools.gnu-tools-for-stm32.9-2020-q2-update.linux64_2.0.0.202105311346/tools/bin/../lib/gcc/arm-none-eabi/9.3.1/../../../../arm-none-eabi/lib/thumb/v7e-m+fp/hard/libc_nano.a(lib_a-memset.o)
                              /opt/st/stm32cubeide_1.8.0/plugins/com.st.stm32cube.ide.mcu.externaltools.gnu-tools-for-stm32.9-2020-q2-update.linux64_2.0.0.202105311346/tools/bin/../lib/gcc/arm-none-eabi/9.3.1/../../../../arm-none-eabi/lib/thumb/v7e-m+fp/hard/crt0.o (memset)
/opt/st/stm32cubeide_1.8.0/plugins/com.st.stm32cube.ide.mcu.externaltools.gnu-tools-for-stm32.9-2020-q2-update.linux64_2.0.0.202105311346/tools/bin/../lib/gcc/arm-none-eabi/9.3.1/../../../../arm-none-eabi/lib/thumb/v7e-m+fp/hard/libc_nano.a(lib_a-strlen.o)
                              ./Core/Src/LiquidCrystal.o (strlen)

Allocating common symbols
Common symbol       size              file

_row_offsets        0x4               ./Core/Src/LiquidCrystal.o
_rw_pin             0x2               ./Core/Src/LiquidCrystal.o
playerCol           0x4               ./Core/Src/stm32f3xx_it.o
hi2c1               0x4c              ./Core/Src/main.o
board               0x54              ./Core/Src/stm32f3xx_it.o
_port               0x4               ./Core/Src/LiquidCrystal.o
menuState           0x1               ./Core/Src/main.o
_displaycontrol     0x1               ./Core/Src/LiquidCrystal.o
_numlines           0x1               ./Core/Src/LiquidCrystal.o
uwTick              0x4               ./Drivers/STM32F3xx_HAL_Driver/Src/stm32f3xx_hal.o
pFlash              0x20              ./Drivers/STM32F3xx_HAL_Driver/Src/stm32f3xx_hal_flash.o
_data_pins          0x10              ./Core/Src/LiquidCrystal.o
_displaymode        0x1               ./Core/Src/LiquidCrystal.o
_displayfunction    0x1               ./Core/Src/LiquidCrystal.o
boardTemp           0x54              ./Core/Src/stm32f3xx_it.o
jumpCount           0x4               ./Core/Src/stm32f3xx_it.o
_enable_pin         0x2               ./Core/Src/LiquidCrystal.o
hspi1               0x64              ./Core/Src/main.o
htim2               0x4c              ./Core/Src/main.o
last_gpio_exti      0x4               ./Core/Src/stm32f3xx_it.o
_rs_pin             0x2               ./Core/Src/LiquidCrystal.o
playerRow           0x4               ./Core/Src/stm32f3xx_it.o
hpcd_USB_FS         0x2ec             ./Core/Src/main.o
playerOn            0x1               ./Core/Src/stm32f3xx_it.o
_initialized        0x1               ./Core/Src/LiquidCrystal.o

Discarded input sections

 .text          0x0000000000000000        0x0 /opt/st/stm32cubeide_1.8.0/plugins/com.st.stm32cube.ide.mcu.externaltools.gnu-tools-for-stm32.9-2020-q2-update.linux64_2.0.0.202105311346/tools/bin/../lib/gcc/arm-none-eabi/9.3.1/thumb/v7e-m+fp/hard/crti.o
[...]
Memory Configuration

Name             Origin             Length             Attributes
CCMRAM           0x0000000010000000 0x0000000000002000 xrw
RAM              0x0000000020000000 0x000000000000a000 xrw
FLASH            0x0000000008000000 0x0000000000040000 xr
*default*        0x0000000000000000 0xffffffffffffffff

Linker script and memory map

LOAD /opt/st/stm32cubeide_1.8.0/plugins/com.st.stm32cube.ide.mcu.externaltools.gnu-tools-for-stm32.9-2020-q2-update.linux64_2.0.0.202105311346/tools/bin/../lib/gcc/arm-none-eabi/9.3.1/thumb/v7e-m+fp/hard/crti.o
LOAD /opt/st/stm32cubeide_1.8.0/plugins/com.st.stm32cube.ide.mcu.externaltools.gnu-tools-for-stm32.9-2020-q2-update.linux64_2.0.0.202105311346/tools/bin/../lib/gcc/arm-none-eabi/9.3.1/thumb/v7e-m+fp/hard/crtbegin.o
LOAD /opt/st/stm32cubeide_1.8.0/plugins/com.st.stm32cube.ide.mcu.externaltools.gnu-tools-for-stm32.9-2020-q2-update.linux64_2.0.0.202105311346/tools/bin/../lib/gcc/arm-none-eabi/9.3.1/../../../../arm-none-eabi/lib/thumb/v7e-m+fp/hard/crt0.o
LOAD ./Core/Src/LiquidCrystal.o
LOAD ./Core/Src/main.o
LOAD ./Core/Src/stm32f3xx_hal_msp.o
LOAD ./Core/Src/stm32f3xx_it.o
LOAD ./Core/Src/syscalls.o
LOAD ./Core/Src/sysmem.o
LOAD ./Core/Src/system_stm32f3xx.o
LOAD ./Core/Startup/startup_stm32f303vctx.o
LOAD ./Drivers/STM32F3xx_HAL_Driver/Src/stm32f3xx_hal.o
LOAD ./Drivers/STM32F3xx_HAL_Driver/Src/stm32f3xx_hal_cortex.o
LOAD ./Drivers/STM32F3xx_HAL_Driver/Src/stm32f3xx_hal_dma.o
LOAD ./Drivers/STM32F3xx_HAL_Driver/Src/stm32f3xx_hal_exti.o
LOAD ./Drivers/STM32F3xx_HAL_Driver/Src/stm32f3xx_hal_flash.o
LOAD ./Drivers/STM32F3xx_HAL_Driver/Src/stm32f3xx_hal_flash_ex.o
LOAD ./Drivers/STM32F3xx_HAL_Driver/Src/stm32f3xx_hal_gpio.o
LOAD ./Drivers/STM32F3xx_HAL_Driver/Src/stm32f3xx_hal_i2c.o
LOAD ./Drivers/STM32F3xx_HAL_Driver/Src/stm32f3xx_hal_i2c_ex.o
LOAD ./Drivers/STM32F3xx_HAL_Driver/Src/stm32f3xx_hal_pcd.o
LOAD ./Drivers/STM32F3xx_HAL_Driver/Src/stm32f3xx_hal_pcd_ex.o
LOAD ./Drivers/STM32F3xx_HAL_Driver/Src/stm32f3xx_hal_pwr.o
LOAD ./Drivers/STM32F3xx_HAL_Driver/Src/stm32f3xx_hal_pwr_ex.o
LOAD ./Drivers/STM32F3xx_HAL_Driver/Src/stm32f3xx_hal_rcc.o
LOAD ./Drivers/STM32F3xx_HAL_Driver/Src/stm32f3xx_hal_rcc_ex.o
LOAD ./Drivers/STM32F3xx_HAL_Driver/Src/stm32f3xx_hal_spi.o
LOAD ./Drivers/STM32F3xx_HAL_Driver/Src/stm32f3xx_hal_spi_ex.o
LOAD ./Drivers/STM32F3xx_HAL_Driver/Src/stm32f3xx_hal_tim.o
LOAD ./Drivers/STM32F3xx_HAL_Driver/Src/stm32f3xx_hal_tim_ex.o
LOAD ./Drivers/STM32F3xx_HAL_Driver/Src/stm32f3xx_ll_usb.o
START GROUP
LOAD /opt/st/stm32cubeide_1.8.0/plugins/com.st.stm32cube.ide.mcu.externaltools.gnu-tools-for-stm32.9-2020-q2-update.linux64_2.0.0.202105311346/tools/bin/../lib/gcc/arm-none-eabi/9.3.1/../../../../arm-none-eabi/lib/thumb/v7e-m+fp/hard/libc_nano.a
LOAD /opt/st/stm32cubeide_1.8.0/plugins/com.st.stm32cube.ide.mcu.externaltools.gnu-tools-for-stm32.9-2020-q2-update.linux64_2.0.0.202105311346/tools/bin/../lib/gcc/arm-none-eabi/9.3.1/../../../../arm-none-eabi/lib/thumb/v7e-m+fp/hard/libm.a
END GROUP
START GROUP
LOAD /opt/st/stm32cubeide_1.8.0/plugins/com.st.stm32cube.ide.mcu.externaltools.gnu-tools-for-stm32.9-2020-q2-update.linux64_2.0.0.202105311346/tools/bin/../lib/gcc/arm-none-eabi/9.3.1/thumb/v7e-m+fp/hard/libgcc.a
LOAD /opt/st/stm32cubeide_1.8.0/plugins/com.st.stm32cube.ide.mcu.externaltools.gnu-tools-for-stm32.9-2020-q2-update.linux64_2.0.0.202105311346/tools/bin/../lib/gcc/arm-none-eabi/9.3.1/../../../../arm-none-eabi/lib/thumb/v7e-m+fp/hard/libc_nano.a
END GROUP
START GROUP
LOAD /opt/st/stm32cubeide_1.8.0/plugins/com.st.stm32cube.ide.mcu.externaltools.gnu-tools-for-stm32.9-2020-q2-update.linux64_2.0.0.202105311346/tools/bin/../lib/gcc/arm-none-eabi/9.3.1/thumb/v7e-m+fp/hard/libgcc.a
LOAD /opt/st/stm32cubeide_1.8.0/plugins/com.st.stm32cube.ide.mcu.externaltools.gnu-tools-for-stm32.9-2020-q2-update.linux64_2.0.0.202105311346/tools/bin/../lib/gcc/arm-none-eabi/9.3.1/../../../../arm-none-eabi/lib/thumb/v7e-m+fp/hard/libc_nano.a
LOAD /opt/st/stm32cubeide_1.8.0/plugins/com.st.stm32cube.ide.mcu.externaltools.gnu-tools-for-stm32.9-2020-q2-update.linux64_2.0.0.202105311346/tools/bin/../lib/gcc/arm-none-eabi/9.3.1/../../../../arm-none-eabi/lib/thumb/v7e-m+fp/hard/libnosys.a
END GROUP
START GROUP
LOAD /opt/st/stm32cubeide_1.8.0/plugins/com.st.stm32cube.ide.mcu.externaltools.gnu-tools-for-stm32.9-2020-q2-update.linux64_2.0.0.202105311346/tools/bin/../lib/gcc/arm-none-eabi/9.3.1/thumb/v7e-m+fp/hard/libgcc.a
LOAD /opt/st/stm32cubeide_1.8.0/plugins/com.st.stm32cube.ide.mcu.externaltools.gnu-tools-for-stm32.9-2020-q2-update.linux64_2.0.0.202105311346/tools/bin/../lib/gcc/arm-none-eabi/9.3.1/../../../../arm-none-eabi/lib/thumb/v7e-m+fp/hard/libc_nano.a
LOAD /opt/st/stm32cubeide_1.8.0/plugins/com.st.stm32cube.ide.mcu.externaltools.gnu-tools-for-stm32.9-2020-q2-update.linux64_2.0.0.202105311346/tools/bin/../lib/gcc/arm-none-eabi/9.3.1/../../../../arm-none-eabi/lib/thumb/v7e-m+fp/hard/libnosys.a
END GROUP
LOAD /opt/st/stm32cubeide_1.8.0/plugins/com.st.stm32cube.ide.mcu.externaltools.gnu-tools-for-stm32.9-2020-q2-update.linux64_2.0.0.202105311346/tools/bin/../lib/gcc/arm-none-eabi/9.3.1/thumb/v7e-m+fp/hard/crtend.o
LOAD /opt/st/stm32cubeide_1.8.0/plugins/com.st.stm32cube.ide.mcu.externaltools.gnu-tools-for-stm32.9-2020-q2-update.linux64_2.0.0.202105311346/tools/bin/../lib/gcc/arm-none-eabi/9.3.1/thumb/v7e-m+fp/hard/crtn.o
                0x000000002000a000                _estack = (ORIGIN (RAM) + LENGTH (RAM))
                0x0000000000000200                _Min_Heap_Size = 0x200
                0x0000000000000400                _Min_Stack_Size = 0x400

.isr_vector     0x0000000008000000      0x188
                0x0000000008000000                . = ALIGN (0x4)
 *(.isr_vector)
 .isr_vector    0x0000000008000000      0x188 ./Core/Startup/startup_stm32f303vctx.o
                0x0000000008000000                g_pfnVectors
                0x0000000008000188                . = ALIGN (0x4)

.text           0x0000000008000188     0x42c4
                0x0000000008000188                . = ALIGN (0x4)
 *(.text)
 .text          0x0000000008000188       0x40 /opt/st/stm32cubeide_1.8.0/plugins/com.st.stm32cube.ide.mcu.externaltools.gnu-tools-for-stm32.9-2020-q2-update.linux64_2.0.0.202105311346/tools/bin/../lib/gcc/arm-none-eabi/9.3.1/thumb/v7e-m+fp/hard/crtbegin.o
 .text          0x00000000080001c8       0x10 /opt/st/stm32cubeide_1.8.0/plugins/com.st.stm32cube.ide.mcu.externaltools.gnu-tools-for-stm32.9-2020-q2-update.linux64_2.0.0.202105311346/tools/bin/../lib/gcc/arm-none-eabi/9.3.1/../../../../arm-none-eabi/lib/thumb/v7e-m+fp/hard/libc_nano.a(lib_a-strlen.o)
                0x00000000080001c8                strlen
 *(.text*)
 .text.LiquidCrystal
                0x00000000080001d8       0x94 ./Core/Src/LiquidCrystal.o
                0x00000000080001d8                LiquidCrystal
 .text.init     0x000000000800026c       0x9c ./Core/Src/LiquidCrystal.o
                0x000000000800026c                init
 .text.begin    0x0000000008000308      0x220 ./Core/Src/LiquidCrystal.o
                0x0000000008000308                begin
 .text.enableClock
                0x0000000008000528      0x128 ./Core/Src/LiquidCrystal.o
                0x0000000008000528                enableClock
 .text.setRowOffsets
                0x0000000008000650       0x40 ./Core/Src/LiquidCrystal.o
                0x0000000008000650                setRowOffsets
 .text.clear    0x0000000008000690       0x14 ./Core/Src/LiquidCrystal.o
                0x0000000008000690                clear
 .text.setCursor
                0x00000000080006a4       0x64 ./Core/Src/LiquidCrystal.o
                0x00000000080006a4                setCursor
 .text.display  0x0000000008000708       0x2c ./Core/Src/LiquidCrystal.o
                0x0000000008000708                display
 .text.print    0x0000000008000734       0x56 ./Core/Src/LiquidCrystal.o
                0x0000000008000734                print
 .text.command  0x000000000800078a       0x1c ./Core/Src/LiquidCrystal.o
                0x000000000800078a                command
 .text.write    0x00000000080007a6       0x1e ./Core/Src/LiquidCrystal.o
                0x00000000080007a6                write
 .text.send     0x00000000080007c4       0x7c ./Core/Src/LiquidCrystal.o
                0x00000000080007c4                send
 .text.pulseEnable
                0x0000000008000840       0x54 ./Core/Src/LiquidCrystal.o
                0x0000000008000840                pulseEnable
 .text.write4bits
                0x0000000008000894       0x54 ./Core/Src/LiquidCrystal.o
                0x0000000008000894                write4bits
 .text.write8bits
                0x00000000080008e8       0x54 ./Core/Src/LiquidCrystal.o
                0x00000000080008e8                write8bits
 .text.init_state_vars
                0x000000000800093c       0x18 ./Core/Src/main.o
                0x000000000800093c                init_state_vars
 .text.main     0x0000000008000954       0xa4 ./Core/Src/main.o
                0x0000000008000954                main
 .text.SystemClock_Config
                0x00000000080009f8       0xc4 ./Core/Src/main.o
                0x00000000080009f8                SystemClock_Config
 .text.MX_I2C1_Init
                0x0000000008000abc       0x80 ./Core/Src/main.o
 .text.MX_SPI1_Init
                0x0000000008000b3c       0x7c ./Core/Src/main.o
 .text.MX_TIM2_Init
                0x0000000008000bb8       0x9c ./Core/Src/main.o
 .text.MX_USB_PCD_Init
                0x0000000008000c54       0x44 ./Core/Src/main.o
 .text.MX_GPIO_Init
                0x0000000008000c98      0x184 ./Core/Src/main.o
 .text.Error_Handler
                0x0000000008000e1c        0xa ./Core/Src/main.o
                0x0000000008000e1c                Error_Handler
 *fill*         0x0000000008000e26        0x2 
 .text.HAL_MspInit
                0x0000000008000e28       0x48 ./Core/Src/stm32f3xx_hal_msp.o
                0x0000000008000e28                HAL_MspInit
 .text.HAL_I2C_MspInit
                0x0000000008000e70       0x88 ./Core/Src/stm32f3xx_hal_msp.o
                0x0000000008000e70                HAL_I2C_MspInit
 .text.HAL_SPI_MspInit
                0x0000000008000ef8       0x84 ./Core/Src/stm32f3xx_hal_msp.o
                0x0000000008000ef8                HAL_SPI_MspInit
 .text.HAL_TIM_Base_MspInit
                0x0000000008000f7c       0x48 ./Core/Src/stm32f3xx_hal_msp.o
                0x0000000008000f7c                HAL_TIM_Base_MspInit
 .text.HAL_PCD_MspInit
                0x0000000008000fc4       0x88 ./Core/Src/stm32f3xx_hal_msp.o
                0x0000000008000fc4                HAL_PCD_MspInit
 .text.NMI_Handler
                0x000000000800104c        0x6 ./Core/Src/stm32f3xx_it.o
                0x000000000800104c                NMI_Handler
 .text.HardFault_Handler
                0x0000000008001052        0x6 ./Core/Src/stm32f3xx_it.o
                0x0000000008001052                HardFault_Handler
 .text.MemManage_Handler
                0x0000000008001058        0x6 ./Core/Src/stm32f3xx_it.o
                0x0000000008001058                MemManage_Handler
 .text.BusFault_Handler
                0x000000000800105e        0x6 ./Core/Src/stm32f3xx_it.o
                0x000000000800105e                BusFault_Handler
 .text.UsageFault_Handler
                0x0000000008001064        0x6 ./Core/Src/stm32f3xx_it.o
                0x0000000008001064                UsageFault_Handler
 .text.SVC_Handler
                0x000000000800106a        0xe ./Core/Src/stm32f3xx_it.o
                0x000000000800106a                SVC_Handler
 .text.DebugMon_Handler
                0x0000000008001078        0xe ./Core/Src/stm32f3xx_it.o
                0x0000000008001078                DebugMon_Handler
 .text.PendSV_Handler
                0x0000000008001086        0xe ./Core/Src/stm32f3xx_it.o
                0x0000000008001086                PendSV_Handler
 .text.SysTick_Handler
                0x0000000008001094        0xc ./Core/Src/stm32f3xx_it.o
                0x0000000008001094                SysTick_Handler
 .text.EXTI0_IRQHandler
                0x00000000080010a0       0x24 ./Core/Src/stm32f3xx_it.o
                0x00000000080010a0                EXTI0_IRQHandler
 .text.EXTI1_IRQHandler
                0x00000000080010c4       0x24 ./Core/Src/stm32f3xx_it.o
                0x00000000080010c4                EXTI1_IRQHandler
 .text.EXTI2_TSC_IRQHandler
                0x00000000080010e8       0x24 ./Core/Src/stm32f3xx_it.o
                0x00000000080010e8                EXTI2_TSC_IRQHandler
 .text.EXTI3_IRQHandler
                0x000000000800110c       0x24 ./Core/Src/stm32f3xx_it.o
                0x000000000800110c                EXTI3_IRQHandler
 .text.TIM2_IRQHandler
                0x0000000008001130      0x108 ./Core/Src/stm32f3xx_it.o
                0x0000000008001130                TIM2_IRQHandler
 .text.processTurn
                0x0000000008001238       0xb0 ./Core/Src/stm32f3xx_it.o
                0x0000000008001238                processTurn
 .text.movePlayerTo
                0x00000000080012e8       0x8c ./Core/Src/stm32f3xx_it.o
                0x00000000080012e8                movePlayerTo
 .text.printGame
                0x0000000008001374      0x118 ./Core/Src/stm32f3xx_it.o
                0x0000000008001374                printGame
 .text.initGameState
                0x000000000800148c       0xb8 ./Core/Src/stm32f3xx_it.o
                0x000000000800148c                initGameState
 .text.keypadCallback
                0x0000000008001544      0x2c0 ./Core/Src/stm32f3xx_it.o
                0x0000000008001544                keypadCallback
 .text.SystemInit
                0x0000000008001804       0x24 ./Core/Src/system_stm32f3xx.o
                0x0000000008001804                SystemInit
 .text.Reset_Handler
                0x0000000008001828       0x50 ./Core/Startup/startup_stm32f303vctx.o
                0x0000000008001828                Reset_Handler
 .text.Default_Handler
                0x0000000008001878        0x2 ./Core/Startup/startup_stm32f303vctx.o
                0x0000000008001878                RTC_Alarm_IRQHandler
                0x0000000008001878                TIM8_TRG_COM_IRQHandler
                0x0000000008001878                TIM8_CC_IRQHandler
                0x0000000008001878                TIM1_CC_IRQHandler
                0x0000000008001878                USB_HP_IRQHandler
                0x0000000008001878                PVD_IRQHandler
                0x0000000008001878                TAMP_STAMP_IRQHandler
                0x0000000008001878                USB_HP_CAN_TX_IRQHandler
                0x0000000008001878                I2C2_EV_IRQHandler
                0x0000000008001878                FPU_IRQHandler
                0x0000000008001878                TIM1_UP_TIM16_IRQHandler
                0x0000000008001878                ADC1_2_IRQHandler
                0x0000000008001878                SPI1_IRQHandler
                0x0000000008001878                CAN_SCE_IRQHandler
                0x0000000008001878                TIM6_DAC_IRQHandler
                0x0000000008001878                TIM8_UP_IRQHandler
                0x0000000008001878                DMA2_Channel2_IRQHandler
                0x0000000008001878                DMA1_Channel4_IRQHandler
                0x0000000008001878                USART3_IRQHandler
                0x0000000008001878                DMA1_Channel7_IRQHandler
                0x0000000008001878                UART5_IRQHandler
                0x0000000008001878                ADC3_IRQHandler
                0x0000000008001878                TIM4_IRQHandler
                0x0000000008001878                CAN_RX1_IRQHandler
                0x0000000008001878                DMA2_Channel1_IRQHandler
                0x0000000008001878                I2C1_EV_IRQHandler
                0x0000000008001878                DMA1_Channel6_IRQHandler
                0x0000000008001878                UART4_IRQHandler
                0x0000000008001878                DMA2_Channel4_IRQHandler
                0x0000000008001878                TIM3_IRQHandler
                0x0000000008001878                RCC_IRQHandler
                0x0000000008001878                DMA1_Channel1_IRQHandler
                0x0000000008001878                Default_Handler
                0x0000000008001878                USBWakeUp_RMP_IRQHandler
                0x0000000008001878                EXTI15_10_IRQHandler
                0x0000000008001878                TIM7_IRQHandler
                0x0000000008001878                EXTI9_5_IRQHandler
                0x0000000008001878                RTC_WKUP_IRQHandler
                0x0000000008001878                SPI2_IRQHandler
                0x0000000008001878                USB_LP_CAN_RX0_IRQHandler
                0x0000000008001878                DMA2_Channel5_IRQHandler
                0x0000000008001878                DMA1_Channel5_IRQHandler
                0x0000000008001878                USB_LP_IRQHandler
                0x0000000008001878                EXTI4_IRQHandler
                0x0000000008001878                TIM1_TRG_COM_TIM17_IRQHandler
                0x0000000008001878                DMA1_Channel3_IRQHandler
                0x0000000008001878                ADC4_IRQHandler
                0x0000000008001878                WWDG_IRQHandler
                0x0000000008001878                COMP7_IRQHandler
                0x0000000008001878                COMP1_2_3_IRQHandler
                0x0000000008001878                USART2_IRQHandler
                0x0000000008001878                COMP4_5_6_IRQHandler
                0x0000000008001878                I2C2_ER_IRQHandler
                0x0000000008001878                DMA1_Channel2_IRQHandler
                0x0000000008001878                TIM8_BRK_IRQHandler
                0x0000000008001878                FLASH_IRQHandler
                0x0000000008001878                USART1_IRQHandler
                0x0000000008001878                SPI3_IRQHandler
                0x0000000008001878                I2C1_ER_IRQHandler
                0x0000000008001878                USBWakeUp_IRQHandler
                0x0000000008001878                DMA2_Channel3_IRQHandler
                0x0000000008001878                TIM1_BRK_TIM15_IRQHandler
 *fill*         0x000000000800187a        0x2 
 .text.HAL_Init
                0x000000000800187c       0x2c ./Drivers/STM32F3xx_HAL_Driver/Src/stm32f3xx_hal.o
                0x000000000800187c                HAL_Init
 .text.HAL_InitTick
                0x00000000080018a8       0x60 ./Drivers/STM32F3xx_HAL_Driver/Src/stm32f3xx_hal.o
                0x00000000080018a8                HAL_InitTick
 .text.HAL_IncTick
                0x0000000008001908       0x28 ./Drivers/STM32F3xx_HAL_Driver/Src/stm32f3xx_hal.o
                0x0000000008001908                HAL_IncTick
 .text.HAL_GetTick
                0x0000000008001930       0x18 ./Drivers/STM32F3xx_HAL_Driver/Src/stm32f3xx_hal.o
                0x0000000008001930                HAL_GetTick
 .text.HAL_Delay
                0x0000000008001948       0x48 ./Drivers/STM32F3xx_HAL_Driver/Src/stm32f3xx_hal.o
                0x0000000008001948                HAL_Delay
 .text.__NVIC_SetPriorityGrouping
                0x0000000008001990       0x48 ./Drivers/STM32F3xx_HAL_Driver/Src/stm32f3xx_hal_cortex.o
 .text.__NVIC_GetPriorityGrouping
                0x00000000080019d8       0x1c ./Drivers/STM32F3xx_HAL_Driver/Src/stm32f3xx_hal_cortex.o
 .text.__NVIC_EnableIRQ
                0x00000000080019f4       0x3c ./Drivers/STM32F3xx_HAL_Driver/Src/stm32f3xx_hal_cortex.o
 .text.__NVIC_SetPriority
                0x0000000008001a30       0x54 ./Drivers/STM32F3xx_HAL_Driver/Src/stm32f3xx_hal_cortex.o
 .text.NVIC_EncodePriority
                0x0000000008001a84       0x66 ./Drivers/STM32F3xx_HAL_Driver/Src/stm32f3xx_hal_cortex.o
 *fill*         0x0000000008001aea        0x2 
 .text.SysTick_Config
                0x0000000008001aec       0x44 ./Drivers/STM32F3xx_HAL_Driver/Src/stm32f3xx_hal_cortex.o
 .text.HAL_NVIC_SetPriorityGrouping
                0x0000000008001b30       0x16 ./Drivers/STM32F3xx_HAL_Driver/Src/stm32f3xx_hal_cortex.o
                0x0000000008001b30                HAL_NVIC_SetPriorityGrouping
 .text.HAL_NVIC_SetPriority
                0x0000000008001b46       0x38 ./Drivers/STM32F3xx_HAL_Driver/Src/stm32f3xx_hal_cortex.o
                0x0000000008001b46                HAL_NVIC_SetPriority
 .text.HAL_NVIC_EnableIRQ
                0x0000000008001b7e       0x1c ./Drivers/STM32F3xx_HAL_Driver/Src/stm32f3xx_hal_cortex.o
                0x0000000008001b7e                HAL_NVIC_EnableIRQ
 .text.HAL_SYSTICK_Config
                0x0000000008001b9a       0x18 ./Drivers/STM32F3xx_HAL_Driver/Src/stm32f3xx_hal_cortex.o
                0x0000000008001b9a                HAL_SYSTICK_Config
 *fill*         0x0000000008001bb2        0x2 
 .text.HAL_GPIO_Init
                0x0000000008001bb4      0x2f4 ./Drivers/STM32F3xx_HAL_Driver/Src/stm32f3xx_hal_gpio.o
                0x0000000008001bb4                HAL_GPIO_Init
 .text.HAL_GPIO_ReadPin
                0x0000000008001ea8       0x30 ./Drivers/STM32F3xx_HAL_Driver/Src/stm32f3xx_hal_gpio.o
                0x0000000008001ea8                HAL_GPIO_ReadPin
 .text.HAL_GPIO_WritePin
                0x0000000008001ed8       0x30 ./Drivers/STM32F3xx_HAL_Driver/Src/stm32f3xx_hal_gpio.o
                0x0000000008001ed8                HAL_GPIO_WritePin
 .text.HAL_GPIO_TogglePin
                0x0000000008001f08       0x34 ./Drivers/STM32F3xx_HAL_Driver/Src/stm32f3xx_hal_gpio.o
                0x0000000008001f08                HAL_GPIO_TogglePin
 .text.HAL_GPIO_EXTI_IRQHandler
                0x0000000008001f3c       0x30 ./Drivers/STM32F3xx_HAL_Driver/Src/stm32f3xx_hal_gpio.o
                0x0000000008001f3c                HAL_GPIO_EXTI_IRQHandler
 .text.HAL_GPIO_EXTI_Callback
                0x0000000008001f6c       0x16 ./Drivers/STM32F3xx_HAL_Driver/Src/stm32f3xx_hal_gpio.o
                0x0000000008001f6c                HAL_GPIO_EXTI_Callback
 .text.HAL_I2C_Init
                0x0000000008001f82      0x11e ./Drivers/STM32F3xx_HAL_Driver/Src/stm32f3xx_hal_i2c.o
                0x0000000008001f82                HAL_I2C_Init
 .text.HAL_I2CEx_ConfigAnalogFilter
                0x00000000080020a0       0x96 ./Drivers/STM32F3xx_HAL_Driver/Src/stm32f3xx_hal_i2c_ex.o
                0x00000000080020a0                HAL_I2CEx_ConfigAnalogFilter
 .text.HAL_I2CEx_ConfigDigitalFilter
                0x0000000008002136       0x98 ./Drivers/STM32F3xx_HAL_Driver/Src/stm32f3xx_hal_i2c_ex.o
                0x0000000008002136                HAL_I2CEx_ConfigDigitalFilter
 .text.HAL_PCD_Init
                0x00000000080021ce      0x1bc ./Drivers/STM32F3xx_HAL_Driver/Src/stm32f3xx_hal_pcd.o
                0x00000000080021ce                HAL_PCD_Init
 *fill*         0x000000000800238a        0x2 
 .text.HAL_RCC_OscConfig
                0x000000000800238c      0xe10 ./Drivers/STM32F3xx_HAL_Driver/Src/stm32f3xx_hal_rcc.o
                0x000000000800238c                HAL_RCC_OscConfig
 .text.HAL_RCC_ClockConfig
                0x000000000800319c      0x2f8 ./Drivers/STM32F3xx_HAL_Driver/Src/stm32f3xx_hal_rcc.o
                0x000000000800319c                HAL_RCC_ClockConfig
 .text.HAL_RCC_GetSysClockFreq
                0x0000000008003494       0xd4 ./Drivers/STM32F3xx_HAL_Driver/Src/stm32f3xx_hal_rcc.o
                0x0000000008003494                HAL_RCC_GetSysClockFreq
 .text.HAL_RCCEx_PeriphCLKConfig
                0x0000000008003568      0x360 ./Drivers/STM32F3xx_HAL_Driver/Src/stm32f3xx_hal_rcc_ex.o
                0x0000000008003568                HAL_RCCEx_PeriphCLKConfig
 .text.HAL_SPI_Init
                0x00000000080038c8      0x156 ./Drivers/STM32F3xx_HAL_Driver/Src/stm32f3xx_hal_spi.o
                0x00000000080038c8                HAL_SPI_Init
 .text.HAL_TIM_Base_Init
                0x0000000008003a1e       0xae ./Drivers/STM32F3xx_HAL_Driver/Src/stm32f3xx_hal_tim.o
                0x0000000008003a1e                HAL_TIM_Base_Init
 .text.HAL_TIM_Base_Start_IT
                0x0000000008003acc       0xd4 ./Drivers/STM32F3xx_HAL_Driver/Src/stm32f3xx_hal_tim.o
                0x0000000008003acc                HAL_TIM_Base_Start_IT
 .text.HAL_TIM_IRQHandler
                0x0000000008003ba0      0x23e ./Drivers/STM32F3xx_HAL_Driver/Src/stm32f3xx_hal_tim.o
                0x0000000008003ba0                HAL_TIM_IRQHandler
 .text.HAL_TIM_ConfigClockSource
                0x0000000008003dde      0x192 ./Drivers/STM32F3xx_HAL_Driver/Src/stm32f3xx_hal_tim.o
                0x0000000008003dde                HAL_TIM_ConfigClockSource
 .text.HAL_TIM_PeriodElapsedCallback
                0x0000000008003f70       0x14 ./Drivers/STM32F3xx_HAL_Driver/Src/stm32f3xx_hal_tim.o
                0x0000000008003f70                HAL_TIM_PeriodElapsedCallback
 .text.HAL_TIM_OC_DelayElapsedCallback
                0x0000000008003f84       0x14 ./Drivers/STM32F3xx_HAL_Driver/Src/stm32f3xx_hal_tim.o
                0x0000000008003f84                HAL_TIM_OC_DelayElapsedCallback
 .text.HAL_TIM_IC_CaptureCallback
                0x0000000008003f98       0x14 ./Drivers/STM32F3xx_HAL_Driver/Src/stm32f3xx_hal_tim.o
                0x0000000008003f98                HAL_TIM_IC_CaptureCallback
 .text.HAL_TIM_PWM_PulseFinishedCallback
                0x0000000008003fac       0x14 ./Drivers/STM32F3xx_HAL_Driver/Src/stm32f3xx_hal_tim.o
                0x0000000008003fac                HAL_TIM_PWM_PulseFinishedCallback
 .text.HAL_TIM_TriggerCallback
                0x0000000008003fc0       0x14 ./Drivers/STM32F3xx_HAL_Driver/Src/stm32f3xx_hal_tim.o
                0x0000000008003fc0                HAL_TIM_TriggerCallback
 .text.TIM_Base_SetConfig
                0x0000000008003fd4      0x120 ./Drivers/STM32F3xx_HAL_Driver/Src/stm32f3xx_hal_tim.o
                0x0000000008003fd4                TIM_Base_SetConfig
 .text.TIM_TI1_ConfigInputStage
                0x00000000080040f4       0x5e ./Drivers/STM32F3xx_HAL_Driver/Src/stm32f3xx_hal_tim.o
 .text.TIM_TI2_ConfigInputStage
                0x0000000008004152       0x60 ./Drivers/STM32F3xx_HAL_Driver/Src/stm32f3xx_hal_tim.o
 .text.TIM_ITRx_SetConfig
                0x00000000080041b2       0x36 ./Drivers/STM32F3xx_HAL_Driver/Src/stm32f3xx_hal_tim.o
 .text.TIM_ETR_SetConfig
                0x00000000080041e8       0x40 ./Drivers/STM32F3xx_HAL_Driver/Src/stm32f3xx_hal_tim.o
                0x00000000080041e8                TIM_ETR_SetConfig
 .text.HAL_TIMEx_MasterConfigSynchronization
                0x0000000008004228      0x100 ./Drivers/STM32F3xx_HAL_Driver/Src/stm32f3xx_hal_tim_ex.o
                0x0000000008004228                HAL_TIMEx_MasterConfigSynchronization
 .text.HAL_TIMEx_CommutCallback
                0x0000000008004328       0x14 ./Drivers/STM32F3xx_HAL_Driver/Src/stm32f3xx_hal_tim_ex.o
                0x0000000008004328                HAL_TIMEx_CommutCallback
 .text.HAL_TIMEx_BreakCallback
                0x000000000800433c       0x14 ./Drivers/STM32F3xx_HAL_Driver/Src/stm32f3xx_hal_tim_ex.o
                0x000000000800433c                HAL_TIMEx_BreakCallback
 .text.HAL_TIMEx_Break2Callback
                0x0000000008004350       0x14 ./Drivers/STM32F3xx_HAL_Driver/Src/stm32f3xx_hal_tim_ex.o
                0x0000000008004350                HAL_TIMEx_Break2Callback
 .text.USB_DisableGlobalInt
                0x0000000008004364       0x36 ./Drivers/STM32F3xx_HAL_Driver/Src/stm32f3xx_ll_usb.o
                0x0000000008004364                USB_DisableGlobalInt
 .text.USB_DevInit
                0x000000000800439a       0x42 ./Drivers/STM32F3xx_HAL_Driver/Src/stm32f3xx_ll_usb.o
                0x000000000800439a                USB_DevInit
 .text.__libc_init_array
                0x00000000080043dc       0x48 /opt/st/stm32cubeide_1.8.0/plugins/com.st.stm32cube.ide.mcu.externaltools.gnu-tools-for-stm32.9-2020-q2-update.linux64_2.0.0.202105311346/tools/bin/../lib/gcc/arm-none-eabi/9.3.1/../../../../arm-none-eabi/lib/thumb/v7e-m+fp/hard/libc_nano.a(lib_a-init.o)
                0x00000000080043dc                __libc_init_array
 .text.memset   0x0000000008004424       0x10 /opt/st/stm32cubeide_1.8.0/plugins/com.st.stm32cube.ide.mcu.externaltools.gnu-tools-for-stm32.9-2020-q2-update.linux64_2.0.0.202105311346/tools/bin/../lib/gcc/arm-none-eabi/9.3.1/../../../../arm-none-eabi/lib/thumb/v7e-m+fp/hard/libc_nano.a(lib_a-memset.o)
                0x0000000008004424                memset
 *(.glue_7)
 .glue_7        0x0000000008004434        0x0 linker stubs
 *(.glue_7t)
 .glue_7t       0x0000000008004434        0x0 linker stubs
 *(.eh_frame)
 .eh_frame      0x0000000008004434        0x0 /opt/st/stm32cubeide_1.8.0/plugins/com.st.stm32cube.ide.mcu.externaltools.gnu-tools-for-stm32.9-2020-q2-update.linux64_2.0.0.202105311346/tools/bin/../lib/gcc/arm-none-eabi/9.3.1/thumb/v7e-m+fp/hard/crtbegin.o
 *(.init)
 .init          0x0000000008004434        0x4 /opt/st/stm32cubeide_1.8.0/plugins/com.st.stm32cube.ide.mcu.externaltools.gnu-tools-for-stm32.9-2020-q2-update.linux64_2.0.0.202105311346/tools/bin/../lib/gcc/arm-none-eabi/9.3.1/thumb/v7e-m+fp/hard/crti.o
                0x0000000008004434                _init
 .init          0x0000000008004438        0x8 /opt/st/stm32cubeide_1.8.0/plugins/com.st.stm32cube.ide.mcu.externaltools.gnu-tools-for-stm32.9-2020-q2-update.linux64_2.0.0.202105311346/tools/bin/../lib/gcc/arm-none-eabi/9.3.1/thumb/v7e-m+fp/hard/crtn.o
 *(.fini)
 .fini          0x0000000008004440        0x4 /opt/st/stm32cubeide_1.8.0/plugins/com.st.stm32cube.ide.mcu.externaltools.gnu-tools-for-stm32.9-2020-q2-update.linux64_2.0.0.202105311346/tools/bin/../lib/gcc/arm-none-eabi/9.3.1/thumb/v7e-m+fp/hard/crti.o
                0x0000000008004440                _fini
 .fini          0x0000000008004444        0x8 /opt/st/stm32cubeide_1.8.0/plugins/com.st.stm32cube.ide.mcu.externaltools.gnu-tools-for-stm32.9-2020-q2-update.linux64_2.0.0.202105311346/tools/bin/../lib/gcc/arm-none-eabi/9.3.1/thumb/v7e-m+fp/hard/crtn.o
                0x000000000800444c                . = ALIGN (0x4)
                0x000000000800444c                _etext = .

.vfp11_veneer   0x000000000800444c        0x0
 .vfp11_veneer  0x000000000800444c        0x0 linker stubs

.v4_bx          0x000000000800444c        0x0
 .v4_bx         0x000000000800444c        0x0 linker stubs

.iplt           0x000000000800444c        0x0
 .iplt          0x000000000800444c        0x0 /opt/st/stm32cubeide_1.8.0/plugins/com.st.stm32cube.ide.mcu.externaltools.gnu-tools-for-stm32.9-2020-q2-update.linux64_2.0.0.202105311346/tools/bin/../lib/gcc/arm-none-eabi/9.3.1/thumb/v7e-m+fp/hard/crtbegin.o

.rodata         0x000000000800444c       0xc4
                0x000000000800444c                . = ALIGN (0x4)
 *(.rodata)
 .rodata        0x000000000800444c       0x63 ./Core/Src/stm32f3xx_it.o
 *(.rodata*)
 *fill*         0x00000000080044af        0x1 
 .rodata.Row_ports
                0x00000000080044b0       0x10 ./Core/Src/stm32f3xx_it.o
                0x00000000080044b0                Row_ports
 .rodata.Row_pins
                0x00000000080044c0        0x8 ./Core/Src/stm32f3xx_it.o
                0x00000000080044c0                Row_pins
 .rodata.Column_ports
                0x00000000080044c8       0x10 ./Core/Src/stm32f3xx_it.o
                0x00000000080044c8                Column_ports
 .rodata.Column_pins
                0x00000000080044d8        0x8 ./Core/Src/stm32f3xx_it.o
                0x00000000080044d8                Column_pins
 .rodata.AHBPrescTable
                0x00000000080044e0       0x10 ./Core/Src/system_stm32f3xx.o
                0x00000000080044e0                AHBPrescTable
 .rodata.aPLLMULFactorTable
                0x00000000080044f0       0x10 ./Drivers/STM32F3xx_HAL_Driver/Src/stm32f3xx_hal_rcc.o
                0x00000000080044f0                aPLLMULFactorTable
 .rodata.aPredivFactorTable
                0x0000000008004500       0x10 ./Drivers/STM32F3xx_HAL_Driver/Src/stm32f3xx_hal_rcc.o
                0x0000000008004500                aPredivFactorTable
                0x0000000008004510                . = ALIGN (0x4)

.rel.dyn        0x0000000008004510        0x0
 .rel.iplt      0x0000000008004510        0x0 /opt/st/stm32cubeide_1.8.0/plugins/com.st.stm32cube.ide.mcu.externaltools.gnu-tools-for-stm32.9-2020-q2-update.linux64_2.0.0.202105311346/tools/bin/../lib/gcc/arm-none-eabi/9.3.1/thumb/v7e-m+fp/hard/crtbegin.o

.ARM.extab      0x0000000008004510        0x0
                0x0000000008004510                . = ALIGN (0x4)
 *(.ARM.extab* .gnu.linkonce.armextab.*)
                0x0000000008004510                . = ALIGN (0x4)

.ARM            0x0000000008004510        0x0
                0x0000000008004510                . = ALIGN (0x4)
                0x0000000008004510                __exidx_start = .
 *(.ARM.exidx*)
                0x0000000008004510                __exidx_end = .
                0x0000000008004510                . = ALIGN (0x4)

.preinit_array  0x0000000008004510        0x0
                0x0000000008004510                . = ALIGN (0x4)
                0x0000000008004510                PROVIDE (__preinit_array_start = .)
 *(.preinit_array*)
                0x0000000008004510                PROVIDE (__preinit_array_end = .)
                0x0000000008004510                . = ALIGN (0x4)

.init_array     0x0000000008004510        0x4
                0x0000000008004510                . = ALIGN (0x4)
                0x0000000008004510                PROVIDE (__init_array_start = .)
 *(SORT_BY_NAME(.init_array.*))
 *(.init_array*)
 .init_array    0x0000000008004510        0x4 /opt/st/stm32cubeide_1.8.0/plugins/com.st.stm32cube.ide.mcu.externaltools.gnu-tools-for-stm32.9-2020-q2-update.linux64_2.0.0.202105311346/tools/bin/../lib/gcc/arm-none-eabi/9.3.1/thumb/v7e-m+fp/hard/crtbegin.o
                0x0000000008004514                PROVIDE (__init_array_end = .)
                0x0000000008004514                . = ALIGN (0x4)

.fini_array     0x0000000008004514        0x4
                0x0000000008004514                . = ALIGN (0x4)
                [!provide]                        PROVIDE (__fini_array_start = .)
 *(SORT_BY_NAME(.fini_array.*))
 *(.fini_array*)
 .fini_array    0x0000000008004514        0x4 /opt/st/stm32cubeide_1.8.0/plugins/com.st.stm32cube.ide.mcu.externaltools.gnu-tools-for-stm32.9-2020-q2-update.linux64_2.0.0.202105311346/tools/bin/../lib/gcc/arm-none-eabi/9.3.1/thumb/v7e-m+fp/hard/crtbegin.o
                [!provide]                        PROVIDE (__fini_array_end = .)
                0x0000000008004518                . = ALIGN (0x4)
                0x0000000008004518                _sidata = LOADADDR (.data)

.data           0x0000000020000000       0x10 load address 0x0000000008004518
                0x0000000020000000                . = ALIGN (0x4)
                0x0000000020000000                _sdata = .
 *(.data)
 *(.data*)
 .data._fourbit_mode
                0x0000000020000000        0x1 ./Core/Src/LiquidCrystal.o
                0x0000000020000000                _fourbit_mode
 *fill*         0x0000000020000001        0x3 
 .data.SystemCoreClock
                0x0000000020000004        0x4 ./Core/Src/system_stm32f3xx.o
                0x0000000020000004                SystemCoreClock
 .data.uwTickPrio
                0x0000000020000008        0x4 ./Drivers/STM32F3xx_HAL_Driver/Src/stm32f3xx_hal.o
                0x0000000020000008                uwTickPrio
 .data.uwTickFreq
                0x000000002000000c        0x1 ./Drivers/STM32F3xx_HAL_Driver/Src/stm32f3xx_hal.o
                0x000000002000000c                uwTickFreq
 *(.RamFunc)
 *(.RamFunc*)
                0x0000000020000010                . = ALIGN (0x4)
 *fill*         0x000000002000000d        0x3 
                0x0000000020000010                _edata = .
                0x0000000008004528                _siccmram = LOADADDR (.ccmram)

.igot.plt       0x0000000020000010        0x0 load address 0x0000000008004528
 .igot.plt      0x0000000020000010        0x0 /opt/st/stm32cubeide_1.8.0/plugins/com.st.stm32cube.ide.mcu.externaltools.gnu-tools-for-stm32.9-2020-q2-update.linux64_2.0.0.202105311346/tools/bin/../lib/gcc/arm-none-eabi/9.3.1/thumb/v7e-m+fp/hard/crtbegin.o

.ccmram         0x0000000010000000        0x0 load address 0x0000000008004528
                0x0000000010000000                . = ALIGN (0x4)
                0x0000000010000000                _sccmram = .
 *(.ccmram)
 *(.ccmram*)
                0x0000000010000000                . = ALIGN (0x4)
                0x0000000010000000                _eccmram = .
                0x0000000010000000                . = ALIGN (0x4)

.bss            0x0000000020000010      0x4f4
                0x0000000020000010                _sbss = .
                0x0000000020000010                __bss_start__ = _sbss
 *(.bss)
 .bss           0x0000000020000010       0x1c /opt/st/stm32cubeide_1.8.0/plugins/com.st.stm32cube.ide.mcu.externaltools.gnu-tools-for-stm32.9-2020-q2-update.linux64_2.0.0.202105311346/tools/bin/../lib/gcc/arm-none-eabi/9.3.1/thumb/v7e-m+fp/hard/crtbegin.o
 *(.bss*)
 .bss.dotsize   0x000000002000002c        0x1 ./Core/Src/LiquidCrystal.o
                0x000000002000002c                dotsize
 *(COMMON)
 *fill*         0x000000002000002d        0x3 
 COMMON         0x0000000020000030       0x27 ./Core/Src/LiquidCrystal.o
                0x0000000020000030                _row_offsets
                0x0000000020000034                _rw_pin
                0x0000000020000038                _port
                0x000000002000003c                _displaycontrol
                0x000000002000003d                _numlines
                0x0000000020000040                _data_pins
                0x0000000020000050                _displaymode
                0x0000000020000051                _displayfunction
                0x0000000020000052                _enable_pin
                0x0000000020000054                _rs_pin
                0x0000000020000056                _initialized
 *fill*         0x0000000020000057        0x1 
 COMMON         0x0000000020000058      0x3ec ./Core/Src/main.o
                0x0000000020000058                hi2c1
                0x00000000200000a4                menuState
                0x00000000200000a8                hspi1
                0x000000002000010c                htim2
                0x0000000020000158                hpcd_USB_FS
 COMMON         0x0000000020000444       0xb9 ./Core/Src/stm32f3xx_it.o
                0x0000000020000444                playerCol
                0x0000000020000448                board
                0x000000002000049c                boardTemp
                0x00000000200004f0                jumpCount
                0x00000000200004f4                last_gpio_exti
                0x00000000200004f8                playerRow
                0x00000000200004fc                playerOn
 *fill*         0x00000000200004fd        0x3 
 COMMON         0x0000000020000500        0x4 ./Drivers/STM32F3xx_HAL_Driver/Src/stm32f3xx_hal.o
                0x0000000020000500                uwTick
                0x0000000020000504                . = ALIGN (0x4)
                0x0000000020000504                _ebss = .
                0x0000000020000504                __bss_end__ = _ebss

._user_heap_stack
                0x0000000020000504      0x604
                0x0000000020000508                . = ALIGN (0x8)
 *fill*         0x0000000020000504        0x4 
                [!provide]                        PROVIDE (end = .)
                0x0000000020000508                PROVIDE (_end = .)
                0x0000000020000708                . = (. + _Min_Heap_Size)
 *fill*         0x0000000020000508      0x200 
                0x0000000020000b08                . = (. + _Min_Stack_Size)
 *fill*         0x0000000020000708      0x400 
                0x0000000020000b08                . = ALIGN (0x8)

/DISCARD/
 libc.a(*)
 libm.a(*)
 libgcc.a(*)

.ARM.attributes
                0x0000000000000000       0x30
 *(.ARM.attributes)
 .ARM.attributes
                0x0000000000000000       0x1e /opt/st/stm32cubeide_1.8.0/plugins/com.st.stm32cube.ide.mcu.externaltools.gnu-tools-for-stm32.9-2020-q2-update.linux64_2.0.0.202105311346/tools/bin/../lib/gcc/arm-none-eabi/9.3.1/thumb/v7e-m+fp/hard/crti.o
 .ARM.attributes
                0x000000000000001e       0x34 /opt/st/stm32cubeide_1.8.0/plugins/com.st.stm32cube.ide.mcu.externaltools.gnu-tools-for-stm32.9-2020-q2-update.linux64_2.0.0.202105311346/tools/bin/../lib/gcc/arm-none-eabi/9.3.1/thumb/v7e-m+fp/hard/crtbegin.o
 .ARM.attributes
                0x0000000000000052       0x34 ./Core/Src/LiquidCrystal.o
 .ARM.attributes
                0x0000000000000086       0x34 ./Core/Src/main.o
 .ARM.attributes
                0x00000000000000ba       0x34 ./Core/Src/stm32f3xx_hal_msp.o
 .ARM.attributes
                0x00000000000000ee       0x34 ./Core/Src/stm32f3xx_it.o
 .ARM.attributes
                0x0000000000000122       0x34 ./Core/Src/system_stm32f3xx.o
 .ARM.attributes
                0x0000000000000156       0x21 ./Core/Startup/startup_stm32f303vctx.o
 .ARM.attributes
                0x0000000000000177       0x34 ./Drivers/STM32F3xx_HAL_Driver/Src/stm32f3xx_hal.o
 .ARM.attributes
                0x00000000000001ab       0x34 ./Drivers/STM32F3xx_HAL_Driver/Src/stm32f3xx_hal_cortex.o
 .ARM.attributes
                0x00000000000001df       0x34 ./Drivers/STM32F3xx_HAL_Driver/Src/stm32f3xx_hal_gpio.o
 .ARM.attributes
                0x0000000000000213       0x34 ./Drivers/STM32F3xx_HAL_Driver/Src/stm32f3xx_hal_i2c.o
 .ARM.attributes
                0x0000000000000247       0x34 ./Drivers/STM32F3xx_HAL_Driver/Src/stm32f3xx_hal_i2c_ex.o
 .ARM.attributes
                0x000000000000027b       0x34 ./Drivers/STM32F3xx_HAL_Driver/Src/stm32f3xx_hal_pcd.o
 .ARM.attributes
                0x00000000000002af       0x34 ./Drivers/STM32F3xx_HAL_Driver/Src/stm32f3xx_hal_rcc.o
 .ARM.attributes
                0x00000000000002e3       0x34 ./Drivers/STM32F3xx_HAL_Driver/Src/stm32f3xx_hal_rcc_ex.o
 .ARM.attributes
                0x0000000000000317       0x34 ./Drivers/STM32F3xx_HAL_Driver/Src/stm32f3xx_hal_spi.o
 .ARM.attributes
                0x000000000000034b       0x34 ./Drivers/STM32F3xx_HAL_Driver/Src/stm32f3xx_hal_tim.o
 .ARM.attributes
                0x000000000000037f       0x34 ./Drivers/STM32F3xx_HAL_Driver/Src/stm32f3xx_hal_tim_ex.o
 .ARM.attributes
                0x00000000000003b3       0x34 ./Drivers/STM32F3xx_HAL_Driver/Src/stm32f3xx_ll_usb.o
 .ARM.attributes
                0x00000000000003e7       0x34 /opt/st/stm32cubeide_1.8.0/plugins/com.st.stm32cube.ide.mcu.externaltools.gnu-tools-for-stm32.9-2020-q2-update.linux64_2.0.0.202105311346/tools/bin/../lib/gcc/arm-none-eabi/9.3.1/../../../../arm-none-eabi/lib/thumb/v7e-m+fp/hard/libc_nano.a(lib_a-init.o)
 .ARM.attributes
                0x000000000000041b       0x34 /opt/st/stm32cubeide_1.8.0/plugins/com.st.stm32cube.ide.mcu.externaltools.gnu-tools-for-stm32.9-2020-q2-update.linux64_2.0.0.202105311346/tools/bin/../lib/gcc/arm-none-eabi/9.3.1/../../../../arm-none-eabi/lib/thumb/v7e-m+fp/hard/libc_nano.a(lib_a-memset.o)
 .ARM.attributes
                0x000000000000044f       0x17 /opt/st/stm32cubeide_1.8.0/plugins/com.st.stm32cube.ide.mcu.externaltools.gnu-tools-for-stm32.9-2020-q2-update.linux64_2.0.0.202105311346/tools/bin/../lib/gcc/arm-none-eabi/9.3.1/../../../../arm-none-eabi/lib/thumb/v7e-m+fp/hard/libc_nano.a(lib_a-strlen.o)
 .ARM.attributes
                0x0000000000000466       0x1e /opt/st/stm32cubeide_1.8.0/plugins/com.st.stm32cube.ide.mcu.externaltools.gnu-tools-for-stm32.9-2020-q2-update.linux64_2.0.0.202105311346/tools/bin/../lib/gcc/arm-none-eabi/9.3.1/thumb/v7e-m+fp/hard/crtn.o
OUTPUT(final.elf elf32-littlearm)
LOAD linker stubs
LOAD /opt/st/stm32cubeide_1.8.0/plugins/com.st.stm32cube.ide.mcu.externaltools.gnu-tools-for-stm32.9-2020-q2-update.linux64_2.0.0.202105311346/tools/bin/../lib/gcc/arm-none-eabi/9.3.1/../../../../arm-none-eabi/lib/thumb/v7e-m+fp/hard/libc.a
LOAD /opt/st/stm32cubeide_1.8.0/plugins/com.st.stm32cube.ide.mcu.externaltools.gnu-tools-for-stm32.9-2020-q2-update.linux64_2.0.0.202105311346/tools/bin/../lib/gcc/arm-none-eabi/9.3.1/../../../../arm-none-eabi/lib/thumb/v7e-m+fp/hard/libm.a
LOAD /opt/st/stm32cubeide_1.8.0/plugins/com.st.stm32cube.ide.mcu.externaltools.gnu-tools-for-stm32.9-2020-q2-update.linux64_2.0.0.202105311346/tools/bin/../lib/gcc/arm-none-eabi/9.3.1/thumb/v7e-m+fp/hard/libgcc.a

.debug_info     0x0000000000000000    0x14c27
 .debug_info    0x0000000000000000     0x1345 ./Core/Src/LiquidCrystal.o
 .debug_info    0x0000000000001345     0x1a4f ./Core/Src/main.o
 .debug_info    0x0000000000002d94     0x17ba ./Core/Src/stm32f3xx_hal_msp.o
 .debug_info    0x000000000000454e     0x143b ./Core/Src/stm32f3xx_it.o
 .debug_info    0x0000000000005989      0x49a ./Core/Src/system_stm32f3xx.o
 .debug_info    0x0000000000005e23       0x22 ./Core/Startup/startup_stm32f303vctx.o
 .debug_info    0x0000000000005e45      0x83d ./Drivers/STM32F3xx_HAL_Driver/Src/stm32f3xx_hal.o
 .debug_info    0x0000000000006682      0xe44 ./Drivers/STM32F3xx_HAL_Driver/Src/stm32f3xx_hal_cortex.o
 .debug_info    0x00000000000074c6      0x779 ./Drivers/STM32F3xx_HAL_Driver/Src/stm32f3xx_hal_gpio.o
 .debug_info    0x0000000000007c3f     0x21c4 ./Drivers/STM32F3xx_HAL_Driver/Src/stm32f3xx_hal_i2c.o
 .debug_info    0x0000000000009e03      0x968 ./Drivers/STM32F3xx_HAL_Driver/Src/stm32f3xx_hal_i2c_ex.o
 .debug_info    0x000000000000a76b     0x1611 ./Drivers/STM32F3xx_HAL_Driver/Src/stm32f3xx_hal_pcd.o
 .debug_info    0x000000000000bd7c     0x15b5 ./Drivers/STM32F3xx_HAL_Driver/Src/stm32f3xx_hal_rcc.o
 .debug_info    0x000000000000d331      0x6b4 ./Drivers/STM32F3xx_HAL_Driver/Src/stm32f3xx_hal_rcc_ex.o
 .debug_info    0x000000000000d9e5     0x17f6 ./Drivers/STM32F3xx_HAL_Driver/Src/stm32f3xx_hal_spi.o
 .debug_info    0x000000000000f1db     0x2cf6 ./Drivers/STM32F3xx_HAL_Driver/Src/stm32f3xx_hal_tim.o
 .debug_info    0x0000000000011ed1     0x163e ./Drivers/STM32F3xx_HAL_Driver/Src/stm32f3xx_hal_tim_ex.o
 .debug_info    0x000000000001350f     0x1718 ./Drivers/STM32F3xx_HAL_Driver/Src/stm32f3xx_ll_usb.o

.debug_abbrev   0x0000000000000000     0x288e
 .debug_abbrev  0x0000000000000000      0x30a ./Core/Src/LiquidCrystal.o
 .debug_abbrev  0x000000000000030a      0x2a8 ./Core/Src/main.o
 .debug_abbrev  0x00000000000005b2      0x231 ./Core/Src/stm32f3xx_hal_msp.o
 .debug_abbrev  0x00000000000007e3      0x2e0 ./Core/Src/stm32f3xx_it.o
 .debug_abbrev  0x0000000000000ac3      0x145 ./Core/Src/system_stm32f3xx.o
 .debug_abbrev  0x0000000000000c08       0x12 ./Core/Startup/startup_stm32f303vctx.o
 .debug_abbrev  0x0000000000000c1a      0x1ed ./Drivers/STM32F3xx_HAL_Driver/Src/stm32f3xx_hal.o
 .debug_abbrev  0x0000000000000e07      0x33c ./Drivers/STM32F3xx_HAL_Driver/Src/stm32f3xx_hal_cortex.o
 .debug_abbrev  0x0000000000001143      0x1e8 ./Drivers/STM32F3xx_HAL_Driver/Src/stm32f3xx_hal_gpio.o
 .debug_abbrev  0x000000000000132b      0x256 ./Drivers/STM32F3xx_HAL_Driver/Src/stm32f3xx_hal_i2c.o
 .debug_abbrev  0x0000000000001581      0x1dd ./Drivers/STM32F3xx_HAL_Driver/Src/stm32f3xx_hal_i2c_ex.o
 .debug_abbrev  0x000000000000175e      0x2ba ./Drivers/STM32F3xx_HAL_Driver/Src/stm32f3xx_hal_pcd.o
 .debug_abbrev  0x0000000000001a18      0x2c4 ./Drivers/STM32F3xx_HAL_Driver/Src/stm32f3xx_hal_rcc.o
 .debug_abbrev  0x0000000000001cdc      0x23e ./Drivers/STM32F3xx_HAL_Driver/Src/stm32f3xx_hal_rcc_ex.o
 .debug_abbrev  0x0000000000001f1a      0x254 ./Drivers/STM32F3xx_HAL_Driver/Src/stm32f3xx_hal_spi.o
 .debug_abbrev  0x000000000000216e      0x25e ./Drivers/STM32F3xx_HAL_Driver/Src/stm32f3xx_hal_tim.o
 .debug_abbrev  0x00000000000023cc      0x266 ./Drivers/STM32F3xx_HAL_Driver/Src/stm32f3xx_hal_tim_ex.o
 .debug_abbrev  0x0000000000002632      0x25c ./Drivers/STM32F3xx_HAL_Driver/Src/stm32f3xx_ll_usb.o

.debug_aranges  0x0000000000000000     0x11b8
 .debug_aranges
                0x0000000000000000       0xf8 ./Core/Src/LiquidCrystal.o
 .debug_aranges
                0x00000000000000f8       0x60 ./Core/Src/main.o
 .debug_aranges
                0x0000000000000158       0x60 ./Core/Src/stm32f3xx_hal_msp.o
 .debug_aranges
                0x00000000000001b8       0xb0 ./Core/Src/stm32f3xx_it.o
 .debug_aranges
                0x0000000000000268       0x28 ./Core/Src/system_stm32f3xx.o
 .debug_aranges
                0x0000000000000290       0x28 ./Core/Startup/startup_stm32f303vctx.o
 .debug_aranges
                0x00000000000002b8       0xe0 ./Drivers/STM32F3xx_HAL_Driver/Src/stm32f3xx_hal.o
 .debug_aranges
                0x0000000000000398      0x118 ./Drivers/STM32F3xx_HAL_Driver/Src/stm32f3xx_hal_cortex.o
 .debug_aranges
                0x00000000000004b0       0x58 ./Drivers/STM32F3xx_HAL_Driver/Src/stm32f3xx_hal_gpio.o
 .debug_aranges
                0x0000000000000508      0x290 ./Drivers/STM32F3xx_HAL_Driver/Src/stm32f3xx_hal_i2c.o
 .debug_aranges
                0x0000000000000798       0x48 ./Drivers/STM32F3xx_HAL_Driver/Src/stm32f3xx_hal_i2c_ex.o
 .debug_aranges
                0x00000000000007e0      0x138 ./Drivers/STM32F3xx_HAL_Driver/Src/stm32f3xx_hal_pcd.o
 .debug_aranges
                0x0000000000000918       0x88 ./Drivers/STM32F3xx_HAL_Driver/Src/stm32f3xx_hal_rcc.o
 .debug_aranges
                0x00000000000009a0       0x38 ./Drivers/STM32F3xx_HAL_Driver/Src/stm32f3xx_hal_rcc_ex.o
 .debug_aranges
                0x00000000000009d8      0x1d8 ./Drivers/STM32F3xx_HAL_Driver/Src/stm32f3xx_hal_spi.o
 .debug_aranges
                0x0000000000000bb0      0x3e0 ./Drivers/STM32F3xx_HAL_Driver/Src/stm32f3xx_hal_tim.o
 .debug_aranges
                0x0000000000000f90      0x178 ./Drivers/STM32F3xx_HAL_Driver/Src/stm32f3xx_hal_tim_ex.o
 .debug_aranges
                0x0000000000001108       0xb0 ./Drivers/STM32F3xx_HAL_Driver/Src/stm32f3xx_ll_usb.o

.debug_ranges   0x0000000000000000     0x10a0
 .debug_ranges  0x0000000000000000       0xe8 ./Core/Src/LiquidCrystal.o
 .debug_ranges  0x00000000000000e8       0x50 ./Core/Src/main.o
 .debug_ranges  0x0000000000000138       0x50 ./Core/Src/stm32f3xx_hal_msp.o
 .debug_ranges  0x0000000000000188       0xa0 ./Core/Src/stm32f3xx_it.o
 .debug_ranges  0x0000000000000228       0x18 ./Core/Src/system_stm32f3xx.o
 .debug_ranges  0x0000000000000240       0x20 ./Core/Startup/startup_stm32f303vctx.o
 .debug_ranges  0x0000000000000260       0xd0 ./Drivers/STM32F3xx_HAL_Driver/Src/stm32f3xx_hal.o
 .debug_ranges  0x0000000000000330      0x108 ./Drivers/STM32F3xx_HAL_Driver/Src/stm32f3xx_hal_cortex.o
 .debug_ranges  0x0000000000000438       0x48 ./Drivers/STM32F3xx_HAL_Driver/Src/stm32f3xx_hal_gpio.o
 .debug_ranges  0x0000000000000480      0x280 ./Drivers/STM32F3xx_HAL_Driver/Src/stm32f3xx_hal_i2c.o
 .debug_ranges  0x0000000000000700       0x38 ./Drivers/STM32F3xx_HAL_Driver/Src/stm32f3xx_hal_i2c_ex.o
 .debug_ranges  0x0000000000000738      0x128 ./Drivers/STM32F3xx_HAL_Driver/Src/stm32f3xx_hal_pcd.o
 .debug_ranges  0x0000000000000860       0x78 ./Drivers/STM32F3xx_HAL_Driver/Src/stm32f3xx_hal_rcc.o
 .debug_ranges  0x00000000000008d8       0x28 ./Drivers/STM32F3xx_HAL_Driver/Src/stm32f3xx_hal_rcc_ex.o
 .debug_ranges  0x0000000000000900      0x1c8 ./Drivers/STM32F3xx_HAL_Driver/Src/stm32f3xx_hal_spi.o
 .debug_ranges  0x0000000000000ac8      0x3d0 ./Drivers/STM32F3xx_HAL_Driver/Src/stm32f3xx_hal_tim.o
 .debug_ranges  0x0000000000000e98      0x168 ./Drivers/STM32F3xx_HAL_Driver/Src/stm32f3xx_hal_tim_ex.o
 .debug_ranges  0x0000000000001000       0xa0 ./Drivers/STM32F3xx_HAL_Driver/Src/stm32f3xx_ll_usb.o

.debug_macro    0x0000000000000000    0x1eb55
 .debug_macro   0x0000000000000000      0x394 ./Core/Src/LiquidCrystal.o
 .debug_macro   0x0000000000000394      0xaa8 ./Core/Src/LiquidCrystal.o
 .debug_macro   0x0000000000000e3c      0x15d ./Core/Src/LiquidCrystal.o
 .debug_macro   0x0000000000000f99       0x2e ./Core/Src/LiquidCrystal.o
 .debug_macro   0x0000000000000fc7       0x28 ./Core/Src/LiquidCrystal.o
 .debug_macro   0x0000000000000fef       0x22 ./Core/Src/LiquidCrystal.o
 .debug_macro   0x0000000000001011       0x8e ./Core/Src/LiquidCrystal.o
 .debug_macro   0x000000000000109f       0x51 ./Core/Src/LiquidCrystal.o
 .debug_macro   0x00000000000010f0      0x103 ./Core/Src/LiquidCrystal.o
 .debug_macro   0x00000000000011f3       0x6a ./Core/Src/LiquidCrystal.o
 .debug_macro   0x000000000000125d      0x1df ./Core/Src/LiquidCrystal.o
 .debug_macro   0x000000000000143c       0x1c ./Core/Src/LiquidCrystal.o
 .debug_macro   0x0000000000001458       0x22 ./Core/Src/LiquidCrystal.o
 .debug_macro   0x000000000000147a       0xdf ./Core/Src/LiquidCrystal.o
 .debug_macro   0x0000000000001559     0x102d ./Core/Src/LiquidCrystal.o
 .debug_macro   0x0000000000002586      0x11f ./Core/Src/LiquidCrystal.o
 .debug_macro   0x00000000000026a5    0x12a3a ./Core/Src/LiquidCrystal.o
 .debug_macro   0x00000000000150df       0x6d ./Core/Src/LiquidCrystal.o
 .debug_macro   0x000000000001514c     0x3540 ./Core/Src/LiquidCrystal.o
 .debug_macro   0x000000000001868c      0x174 ./Core/Src/LiquidCrystal.o
 .debug_macro   0x0000000000018800       0x55 ./Core/Src/LiquidCrystal.o
 .debug_macro   0x0000000000018855      0x962 ./Core/Src/LiquidCrystal.o
 .debug_macro   0x00000000000191b7      0x5fe ./Core/Src/LiquidCrystal.o
 .debug_macro   0x00000000000197b5      0x1b6 ./Core/Src/LiquidCrystal.o
 .debug_macro   0x000000000001996b      0x1fb ./Core/Src/LiquidCrystal.o
 .debug_macro   0x0000000000019b66      0x1dc ./Core/Src/LiquidCrystal.o
 .debug_macro   0x0000000000019d42      0x1bc ./Core/Src/LiquidCrystal.o
 .debug_macro   0x0000000000019efe       0x30 ./Core/Src/LiquidCrystal.o
 .debug_macro   0x0000000000019f2e       0x3c ./Core/Src/LiquidCrystal.o
 .debug_macro   0x0000000000019f6a      0x236 ./Core/Src/LiquidCrystal.o
 .debug_macro   0x000000000001a1a0       0xc5 ./Core/Src/LiquidCrystal.o
 .debug_macro   0x000000000001a265      0x21d ./Core/Src/LiquidCrystal.o
 .debug_macro   0x000000000001a482      0x22c ./Core/Src/LiquidCrystal.o
 .debug_macro   0x000000000001a6ae       0x5b ./Core/Src/LiquidCrystal.o
 .debug_macro   0x000000000001a709       0xa5 ./Core/Src/LiquidCrystal.o
 .debug_macro   0x000000000001a7ae       0x65 ./Core/Src/LiquidCrystal.o
 .debug_macro   0x000000000001a813      0x249 ./Core/Src/LiquidCrystal.o
 .debug_macro   0x000000000001aa5c       0x81 ./Core/Src/LiquidCrystal.o
 .debug_macro   0x000000000001aadd       0xd3 ./Core/Src/LiquidCrystal.o
 .debug_macro   0x000000000001abb0      0x2fe ./Core/Src/LiquidCrystal.o
 .debug_macro   0x000000000001aeae      0xa3d ./Core/Src/LiquidCrystal.o
 .debug_macro   0x000000000001b8eb       0x89 ./Core/Src/LiquidCrystal.o
 .debug_macro   0x000000000001b974      0x275 ./Core/Src/LiquidCrystal.o
 .debug_macro   0x000000000001bbe9       0xb2 ./Core/Src/LiquidCrystal.o
 .debug_macro   0x000000000001bc9b       0x52 ./Core/Src/LiquidCrystal.o
 .debug_macro   0x000000000001bced       0x18 ./Core/Src/LiquidCrystal.o
 .debug_macro   0x000000000001bd05       0x3c ./Core/Src/LiquidCrystal.o
 .debug_macro   0x000000000001bd41       0x34 ./Core/Src/LiquidCrystal.o
 .debug_macro   0x000000000001bd75       0x16 ./Core/Src/LiquidCrystal.o
 .debug_macro   0x000000000001bd8b       0x35 ./Core/Src/LiquidCrystal.o
 .debug_macro   0x000000000001bdc0      0x333 ./Core/Src/LiquidCrystal.o
 .debug_macro   0x000000000001c0f3       0x10 ./Core/Src/LiquidCrystal.o
 .debug_macro   0x000000000001c103       0x16 ./Core/Src/LiquidCrystal.o
 .debug_macro   0x000000000001c119       0x43 ./Core/Src/LiquidCrystal.o
 .debug_macro   0x000000000001c15c       0x34 ./Core/Src/LiquidCrystal.o
 .debug_macro   0x000000000001c190       0x10 ./Core/Src/LiquidCrystal.o
 .debug_macro   0x000000000001c1a0       0x58 ./Core/Src/LiquidCrystal.o
 .debug_macro   0x000000000001c1f8       0x71 ./Core/Src/LiquidCrystal.o
 .debug_macro   0x000000000001c269       0x1c ./Core/Src/LiquidCrystal.o
 .debug_macro   0x000000000001c285      0x12a ./Core/Src/LiquidCrystal.o
 .debug_macro   0x000000000001c3af       0x10 ./Core/Src/LiquidCrystal.o
 .debug_macro   0x000000000001c3bf       0x1c ./Core/Src/LiquidCrystal.o
 .debug_macro   0x000000000001c3db       0x52 ./Core/Src/LiquidCrystal.o
 .debug_macro   0x000000000001c42d       0x22 ./Core/Src/LiquidCrystal.o
 .debug_macro   0x000000000001c44f       0x10 ./Core/Src/LiquidCrystal.o
 .debug_macro   0x000000000001c45f       0x40 ./Core/Src/LiquidCrystal.o
 .debug_macro   0x000000000001c49f       0xd5 ./Core/Src/LiquidCrystal.o
 .debug_macro   0x000000000001c574       0x1c ./Core/Src/LiquidCrystal.o
 .debug_macro   0x000000000001c590       0x3d ./Core/Src/LiquidCrystal.o
 .debug_macro   0x000000000001c5cd       0x16 ./Core/Src/LiquidCrystal.o
 .debug_macro   0x000000000001c5e3      0x145 ./Core/Src/LiquidCrystal.o
 .debug_macro   0x000000000001c728       0x16 ./Core/Src/LiquidCrystal.o
 .debug_macro   0x000000000001c73e       0x20 ./Core/Src/LiquidCrystal.o
 .debug_macro   0x000000000001c75e      0x214 ./Core/Src/main.o
 .debug_macro   0x000000000001c972      0x124 ./Core/Src/main.o
 .debug_macro   0x000000000001ca96      0x20b ./Core/Src/stm32f3xx_hal_msp.o
 .debug_macro   0x000000000001cca1      0x3bf ./Core/Src/stm32f3xx_it.o
 .debug_macro   0x000000000001d060      0x1fc ./Core/Src/system_stm32f3xx.o
 .debug_macro   0x000000000001d25c      0x220 ./Drivers/STM32F3xx_HAL_Driver/Src/stm32f3xx_hal.o
 .debug_macro   0x000000000001d47c      0x1fc ./Drivers/STM32F3xx_HAL_Driver/Src/stm32f3xx_hal_cortex.o
 .debug_macro   0x000000000001d678      0x203 ./Drivers/STM32F3xx_HAL_Driver/Src/stm32f3xx_hal_gpio.o
 .debug_macro   0x000000000001d87b      0x2c1 ./Drivers/STM32F3xx_HAL_Driver/Src/stm32f3xx_hal_i2c.o
 .debug_macro   0x000000000001db3c      0x1fc ./Drivers/STM32F3xx_HAL_Driver/Src/stm32f3xx_hal_i2c_ex.o
 .debug_macro   0x000000000001dd38      0x208 ./Drivers/STM32F3xx_HAL_Driver/Src/stm32f3xx_hal_pcd.o
 .debug_macro   0x000000000001df40      0x220 ./Drivers/STM32F3xx_HAL_Driver/Src/stm32f3xx_hal_rcc.o
 .debug_macro   0x000000000001e160      0x1fc ./Drivers/STM32F3xx_HAL_Driver/Src/stm32f3xx_hal_rcc_ex.o
 .debug_macro   0x000000000001e35c      0x204 ./Drivers/STM32F3xx_HAL_Driver/Src/stm32f3xx_hal_spi.o
 .debug_macro   0x000000000001e560      0x1fd ./Drivers/STM32F3xx_HAL_Driver/Src/stm32f3xx_hal_tim.o
 .debug_macro   0x000000000001e75d      0x1fc ./Drivers/STM32F3xx_HAL_Driver/Src/stm32f3xx_hal_tim_ex.o
 .debug_macro   0x000000000001e959      0x1fc ./Drivers/STM32F3xx_HAL_Driver/Src/stm32f3xx_ll_usb.o

.debug_line     0x0000000000000000    0x14c08
 .debug_line    0x0000000000000000      0xdf9 ./Core/Src/LiquidCrystal.o
 .debug_line    0x0000000000000df9      0x94f ./Core/Src/main.o
 .debug_line    0x0000000000001748      0x836 ./Core/Src/stm32f3xx_hal_msp.o
 .debug_line    0x0000000000001f7e      0xd07 ./Core/Src/stm32f3xx_it.o
 .debug_line    0x0000000000002c85      0x789 ./Core/Src/system_stm32f3xx.o
 .debug_line    0x000000000000340e       0x88 ./Core/Startup/startup_stm32f303vctx.o
 .debug_line    0x0000000000003496      0x9be ./Drivers/STM32F3xx_HAL_Driver/Src/stm32f3xx_hal.o
 .debug_line    0x0000000000003e54      0xc83 ./Drivers/STM32F3xx_HAL_Driver/Src/stm32f3xx_hal_cortex.o
 .debug_line    0x0000000000004ad7      0xb1f ./Drivers/STM32F3xx_HAL_Driver/Src/stm32f3xx_hal_gpio.o
 .debug_line    0x00000000000055f6     0x32cd ./Drivers/STM32F3xx_HAL_Driver/Src/stm32f3xx_hal_i2c.o
 .debug_line    0x00000000000088c3      0x930 ./Drivers/STM32F3xx_HAL_Driver/Src/stm32f3xx_hal_i2c_ex.o
 .debug_line    0x00000000000091f3     0x12ef ./Drivers/STM32F3xx_HAL_Driver/Src/stm32f3xx_hal_pcd.o
 .debug_line    0x000000000000a4e2     0x1398 ./Drivers/STM32F3xx_HAL_Driver/Src/stm32f3xx_hal_rcc.o
 .debug_line    0x000000000000b87a      0xd28 ./Drivers/STM32F3xx_HAL_Driver/Src/stm32f3xx_hal_rcc_ex.o
 .debug_line    0x000000000000c5a2     0x1f7b ./Drivers/STM32F3xx_HAL_Driver/Src/stm32f3xx_hal_spi.o
 .debug_line    0x000000000000e51d     0x3cfd ./Drivers/STM32F3xx_HAL_Driver/Src/stm32f3xx_hal_tim.o
 .debug_line    0x000000000001221a     0x1a9f ./Drivers/STM32F3xx_HAL_Driver/Src/stm32f3xx_hal_tim_ex.o
 .debug_line    0x0000000000013cb9      0xf4f ./Drivers/STM32F3xx_HAL_Driver/Src/stm32f3xx_ll_usb.o

.debug_str      0x0000000000000000    0xb922e
 .debug_str     0x0000000000000000    0xb3f15 ./Core/Src/LiquidCrystal.o
                                      0xb467c (size before relaxing)
 .debug_str     0x00000000000b3f15     0x16a5 ./Core/Src/main.o
                                      0xb1c08 (size before relaxing)
 .debug_str     0x00000000000b55ba       0xd7 ./Core/Src/stm32f3xx_hal_msp.o
                                      0xb1694 (size before relaxing)
 .debug_str     0x00000000000b5691      0x22d ./Core/Src/stm32f3xx_it.o
                                      0xb4f01 (size before relaxing)
 .debug_str     0x00000000000b58be       0xb3 ./Core/Src/system_stm32f3xx.o
                                      0xb00d7 (size before relaxing)
 .debug_str     0x00000000000b5971       0x36 ./Core/Startup/startup_stm32f303vctx.o
                                         0x6b (size before relaxing)
 .debug_str     0x00000000000b59a7      0x2fb ./Drivers/STM32F3xx_HAL_Driver/Src/stm32f3xx_hal.o
                                      0xb0873 (size before relaxing)
 .debug_str     0x00000000000b5ca2      0x393 ./Drivers/STM32F3xx_HAL_Driver/Src/stm32f3xx_hal_cortex.o
                                      0xb0981 (size before relaxing)
 .debug_str     0x00000000000b6035      0x160 ./Drivers/STM32F3xx_HAL_Driver/Src/stm32f3xx_hal_gpio.o
                                      0xb0282 (size before relaxing)
 .debug_str     0x00000000000b6195      0xdb1 ./Drivers/STM32F3xx_HAL_Driver/Src/stm32f3xx_hal_i2c.o
                                      0xb132d (size before relaxing)
 .debug_str     0x00000000000b6f46       0xb8 ./Drivers/STM32F3xx_HAL_Driver/Src/stm32f3xx_hal_i2c_ex.o
                                      0xb060e (size before relaxing)
 .debug_str     0x00000000000b6ffe      0x3a5 ./Drivers/STM32F3xx_HAL_Driver/Src/stm32f3xx_hal_pcd.o
                                      0xb07b5 (size before relaxing)
 .debug_str     0x00000000000b73a3      0x2e5 ./Drivers/STM32F3xx_HAL_Driver/Src/stm32f3xx_hal_rcc.o
                                      0xb0545 (size before relaxing)
 .debug_str     0x00000000000b7688       0xd8 ./Drivers/STM32F3xx_HAL_Driver/Src/stm32f3xx_hal_rcc_ex.o
                                      0xb0309 (size before relaxing)
 .debug_str     0x00000000000b7760      0x57a ./Drivers/STM32F3xx_HAL_Driver/Src/stm32f3xx_hal_spi.o
                                      0xb09dd (size before relaxing)
 .debug_str     0x00000000000b7cda      0xe0f ./Drivers/STM32F3xx_HAL_Driver/Src/stm32f3xx_hal_tim.o
                                      0xb149a (size before relaxing)
 .debug_str     0x00000000000b8ae9      0x550 ./Drivers/STM32F3xx_HAL_Driver/Src/stm32f3xx_hal_tim_ex.o
                                      0xb0c9e (size before relaxing)
 .debug_str     0x00000000000b9039      0x1f5 ./Drivers/STM32F3xx_HAL_Driver/Src/stm32f3xx_ll_usb.o
                                      0xb0469 (size before relaxing)

.comment        0x0000000000000000       0x53
 .comment       0x0000000000000000       0x53 ./Core/Src/LiquidCrystal.o
                                         0x54 (size before relaxing)
 .comment       0x0000000000000053       0x54 ./Core/Src/main.o
 .comment       0x0000000000000053       0x54 ./Core/Src/stm32f3xx_hal_msp.o
 .comment       0x0000000000000053       0x54 ./Core/Src/stm32f3xx_it.o
 .comment       0x0000000000000053       0x54 ./Core/Src/system_stm32f3xx.o
 .comment       0x0000000000000053       0x54 ./Drivers/STM32F3xx_HAL_Driver/Src/stm32f3xx_hal.o
 .comment       0x0000000000000053       0x54 ./Drivers/STM32F3xx_HAL_Driver/Src/stm32f3xx_hal_cortex.o
 .comment       0x0000000000000053       0x54 ./Drivers/STM32F3xx_HAL_Driver/Src/stm32f3xx_hal_gpio.o
 .comment       0x0000000000000053       0x54 ./Drivers/STM32F3xx_HAL_Driver/Src/stm32f3xx_hal_i2c.o
 .comment       0x0000000000000053       0x54 ./Drivers/STM32F3xx_HAL_Driver/Src/stm32f3xx_hal_i2c_ex.o
 .comment       0x0000000000000053       0x54 ./Drivers/STM32F3xx_HAL_Driver/Src/stm32f3xx_hal_pcd.o
 .comment       0x0000000000000053       0x54 ./Drivers/STM32F3xx_HAL_Driver/Src/stm32f3xx_hal_rcc.o
 .comment       0x0000000000000053       0x54 ./Drivers/STM32F3xx_HAL_Driver/Src/stm32f3xx_hal_rcc_ex.o
 .comment       0x0000000000000053       0x54 ./Drivers/STM32F3xx_HAL_Driver/Src/stm32f3xx_hal_spi.o
 .comment       0x0000000000000053       0x54 ./Drivers/STM32F3xx_HAL_Driver/Src/stm32f3xx_hal_tim.o
 .comment       0x0000000000000053       0x54 ./Drivers/STM32F3xx_HAL_Driver/Src/stm32f3xx_hal_tim_ex.o
 .comment       0x0000000000000053       0x54 ./Drivers/STM32F3xx_HAL_Driver/Src/stm32f3xx_ll_usb.o

.debug_frame    0x0000000000000000     0x4b54
 .debug_frame   0x0000000000000000      0x394 ./Core/Src/LiquidCrystal.o
 .debug_frame   0x0000000000000394      0x12c ./Core/Src/main.o
 .debug_frame   0x00000000000004c0      0x154 ./Core/Src/stm32f3xx_hal_msp.o
 .debug_frame   0x0000000000000614      0x248 ./Core/Src/stm32f3xx_it.o
 .debug_frame   0x000000000000085c       0x58 ./Core/Src/system_stm32f3xx.o
 .debug_frame   0x00000000000008b4      0x334 ./Drivers/STM32F3xx_HAL_Driver/Src/stm32f3xx_hal.o
 .debug_frame   0x0000000000000be8      0x498 ./Drivers/STM32F3xx_HAL_Driver/Src/stm32f3xx_hal_cortex.o
 .debug_frame   0x0000000000001080      0x14c ./Drivers/STM32F3xx_HAL_Driver/Src/stm32f3xx_hal_gpio.o
 .debug_frame   0x00000000000011cc      0xbe8 ./Drivers/STM32F3xx_HAL_Driver/Src/stm32f3xx_hal_i2c.o
 .debug_frame   0x0000000000001db4      0x100 ./Drivers/STM32F3xx_HAL_Driver/Src/stm32f3xx_hal_i2c_ex.o
 .debug_frame   0x0000000000001eb4      0x578 ./Drivers/STM32F3xx_HAL_Driver/Src/stm32f3xx_hal_pcd.o
 .debug_frame   0x000000000000242c      0x214 ./Drivers/STM32F3xx_HAL_Driver/Src/stm32f3xx_hal_rcc.o
 .debug_frame   0x0000000000002640       0xb4 ./Drivers/STM32F3xx_HAL_Driver/Src/stm32f3xx_hal_rcc_ex.o
 .debug_frame   0x00000000000026f4      0x860 ./Drivers/STM32F3xx_HAL_Driver/Src/stm32f3xx_hal_spi.o
 .debug_frame   0x0000000000002f54     0x121c ./Drivers/STM32F3xx_HAL_Driver/Src/stm32f3xx_hal_tim.o
 .debug_frame   0x0000000000004170      0x688 ./Drivers/STM32F3xx_HAL_Driver/Src/stm32f3xx_hal_tim_ex.o
 .debug_frame   0x00000000000047f8      0x310 ./Drivers/STM32F3xx_HAL_Driver/Src/stm32f3xx_ll_usb.o
 .debug_frame   0x0000000000004b08       0x2c /opt/st/stm32cubeide_1.8.0/plugins/com.st.stm32cube.ide.mcu.externaltools.gnu-tools-for-stm32.9-2020-q2-update.linux64_2.0.0.202105311346/tools/bin/../lib/gcc/arm-none-eabi/9.3.1/../../../../arm-none-eabi/lib/thumb/v7e-m+fp/hard/libc_nano.a(lib_a-init.o)
 .debug_frame   0x0000000000004b34       0x20 /opt/st/stm32cubeide_1.8.0/plugins/com.st.stm32cube.ide.mcu.externaltools.gnu-tools-for-stm32.9-2020-q2-update.linux64_2.0.0.202105311346/tools/bin/../lib/gcc/arm-none-eabi/9.3.1/../../../../arm-none-eabi/lib/thumb/v7e-m+fp/hard/libc_nano.a(lib_a-memset.o)
