main.c:158:6:init_state_vars	4	static
main.c:179:5:main	104	static
main.c:314:6:SystemClock_Config	128	static
main.c:369:13:MX_ADC4_Init	32	static
main.c:424:13:MX_I2C1_Init	8	static
main.c:470:13:MX_RTC_Init	32	static
main.c:532:13:MX_SPI1_Init	8	static
main.c:572:13:MX_TIM2_Init	40	static
main.c:617:13:MX_TIM3_Init	64	static
main.c:676:13:MX_TIM7_Init	24	static
main.c:714:13:MX_USART2_UART_Init	8	static
main.c:749:13:MX_USB_PCD_Init	8	static
main.c:780:13:MX_GPIO_Init	56	static
main.c:879:6:Error_Handler	4	static,ignoring_inline_asm
