main.c:160:6:init_state_vars	4	static
main.c:181:5:main	104	static
main.c:321:6:SystemClock_Config	128	static
main.c:376:13:MX_ADC4_Init	32	static
main.c:431:13:MX_I2C1_Init	8	static
main.c:477:13:MX_RTC_Init	32	static
main.c:539:13:MX_SPI1_Init	8	static
main.c:579:13:MX_TIM2_Init	40	static
main.c:624:13:MX_TIM3_Init	64	static
main.c:683:13:MX_TIM6_Init	24	static
main.c:721:13:MX_TIM7_Init	24	static
main.c:759:13:MX_USART2_UART_Init	8	static
main.c:794:13:MX_USB_PCD_Init	8	static
main.c:825:13:MX_GPIO_Init	56	static
main.c:924:6:Error_Handler	4	static,ignoring_inline_asm
