stm32f3xx_it.c:92:6:NMI_Handler	4	static
stm32f3xx_it.c:107:6:HardFault_Handler	4	static
stm32f3xx_it.c:122:6:MemManage_Handler	4	static
stm32f3xx_it.c:137:6:BusFault_Handler	4	static
stm32f3xx_it.c:152:6:UsageFault_Handler	4	static
stm32f3xx_it.c:167:6:SVC_Handler	4	static
stm32f3xx_it.c:180:6:DebugMon_Handler	4	static
stm32f3xx_it.c:193:6:PendSV_Handler	4	static
stm32f3xx_it.c:206:6:SysTick_Handler	8	static
stm32f3xx_it.c:227:6:EXTI0_IRQHandler	8	static
stm32f3xx_it.c:242:6:EXTI1_IRQHandler	8	static
stm32f3xx_it.c:257:6:EXTI2_TSC_IRQHandler	8	static
stm32f3xx_it.c:272:6:EXTI3_IRQHandler	8	static
stm32f3xx_it.c:287:6:TIM2_IRQHandler	8	static
stm32f3xx_it.c:334:6:processTurn	8	static
stm32f3xx_it.c:357:6:movePlayerTo	16	static
stm32f3xx_it.c:366:6:printGame	24	static
stm32f3xx_it.c:399:6:initGameState	16	static
stm32f3xx_it.c:417:6:keypadCallback	32	static
