stm32f3xx_it.c:156:6:NMI_Handler	4	static
stm32f3xx_it.c:171:6:HardFault_Handler	4	static
stm32f3xx_it.c:186:6:MemManage_Handler	4	static
stm32f3xx_it.c:201:6:BusFault_Handler	4	static
stm32f3xx_it.c:216:6:UsageFault_Handler	4	static
stm32f3xx_it.c:231:6:SVC_Handler	4	static
stm32f3xx_it.c:244:6:DebugMon_Handler	4	static
stm32f3xx_it.c:257:6:PendSV_Handler	4	static
stm32f3xx_it.c:270:6:SysTick_Handler	8	static
stm32f3xx_it.c:291:6:EXTI0_IRQHandler	8	static
stm32f3xx_it.c:306:6:EXTI1_IRQHandler	8	static
stm32f3xx_it.c:321:6:EXTI2_TSC_IRQHandler	8	static
stm32f3xx_it.c:336:6:EXTI3_IRQHandler	8	static
stm32f3xx_it.c:351:6:TIM2_IRQHandler	696	static
stm32f3xx_it.c:452:6:TIM3_IRQHandler	8	static
stm32f3xx_it.c:477:6:USART2_IRQHandler	8	static
stm32f3xx_it.c:491:6:TIM6_DAC_IRQHandler	8	static
stm32f3xx_it.c:507:6:TIM7_IRQHandler	8	static
stm32f3xx_it.c:555:6:ADC4_IRQHandler	8	static
stm32f3xx_it.c:568:5:getRandom	24	static
stm32f3xx_it.c:576:6:fireBullet	8	static
stm32f3xx_it.c:585:6:processTurn	16	static
stm32f3xx_it.c:752:6:movePlayerTo	16	static
stm32f3xx_it.c:771:6:printGame	24	static
stm32f3xx_it.c:822:6:chooseWhichObject	56	static
stm32f3xx_it.c:888:6:setRowObjects	32	static
stm32f3xx_it.c:925:6:initGameState	16	static
stm32f3xx_it.c:985:6:keypadCallback	32	static
stm32f3xx_it.c:1114:6:set_seg_value	16	static
stm32f3xx_it.c:1168:6:setScoreSeven	4	static
stm32f3xx_it.c:1175:6:show	24	static
stm32f3xx_it.c:1184:6:buzz	16	static
