stm32f3xx_it.c:147:6:NMI_Handler	4	static
stm32f3xx_it.c:162:6:HardFault_Handler	4	static
stm32f3xx_it.c:177:6:MemManage_Handler	4	static
stm32f3xx_it.c:192:6:BusFault_Handler	4	static
stm32f3xx_it.c:207:6:UsageFault_Handler	4	static
stm32f3xx_it.c:222:6:SVC_Handler	4	static
stm32f3xx_it.c:235:6:DebugMon_Handler	4	static
stm32f3xx_it.c:248:6:PendSV_Handler	4	static
stm32f3xx_it.c:261:6:SysTick_Handler	8	static
stm32f3xx_it.c:282:6:EXTI0_IRQHandler	8	static
stm32f3xx_it.c:297:6:EXTI1_IRQHandler	8	static
stm32f3xx_it.c:312:6:EXTI2_TSC_IRQHandler	8	static
stm32f3xx_it.c:327:6:EXTI3_IRQHandler	8	static
stm32f3xx_it.c:342:6:TIM2_IRQHandler	696	static
stm32f3xx_it.c:440:6:TIM3_IRQHandler	8	static
stm32f3xx_it.c:465:6:USART2_IRQHandler	8	static
stm32f3xx_it.c:479:6:TIM7_IRQHandler	8	static
stm32f3xx_it.c:527:6:ADC4_IRQHandler	8	static
stm32f3xx_it.c:540:5:getRandom	24	static
stm32f3xx_it.c:548:6:fireBullet	4	static
stm32f3xx_it.c:556:6:processTurn	16	static
stm32f3xx_it.c:719:6:movePlayerTo	16	static
stm32f3xx_it.c:738:6:printGame	24	static
stm32f3xx_it.c:789:6:chooseWhichObject	56	static
stm32f3xx_it.c:855:6:setRowObjects	32	static
stm32f3xx_it.c:892:6:initGameState	16	static
stm32f3xx_it.c:950:6:keypadCallback	32	static
stm32f3xx_it.c:1079:6:set_seg_value	16	static
stm32f3xx_it.c:1133:6:setScoreSeven	4	static
stm32f3xx_it.c:1140:6:show	24	static
