stm32f3xx_it.c:147:6:NMI_Handler	4	static
stm32f3xx_it.c:162:6:HardFault_Handler	4	static
stm32f3xx_it.c:177:6:MemManage_Handler	4	static
stm32f3xx_it.c:192:6:BusFault_Handler	4	static
stm32f3xx_it.c:207:6:UsageFault_Handler	4	static
stm32f3xx_it.c:222:6:SVC_Handler	4	static
stm32f3xx_it.c:235:6:DebugMon_Handler	4	static
stm32f3xx_it.c:248:6:PendSV_Handler	4	static
stm32f3xx_it.c:261:6:SysTick_Handler	8	static
stm32f3xx_it.c:282:6:EXTI0_IRQHandler	8	static
stm32f3xx_it.c:297:6:EXTI1_IRQHandler	8	static
stm32f3xx_it.c:312:6:EXTI2_TSC_IRQHandler	8	static
stm32f3xx_it.c:327:6:EXTI3_IRQHandler	8	static
stm32f3xx_it.c:342:6:TIM2_IRQHandler	696	static
stm32f3xx_it.c:440:6:TIM3_IRQHandler	8	static
stm32f3xx_it.c:465:6:USART2_IRQHandler	8	static
stm32f3xx_it.c:479:6:TIM7_IRQHandler	8	static
stm32f3xx_it.c:527:6:ADC4_IRQHandler	8	static
stm32f3xx_it.c:541:6:FPU_IRQHandler	4	static
stm32f3xx_it.c:553:5:getRandom	24	static
stm32f3xx_it.c:561:6:fireBullet	4	static
stm32f3xx_it.c:569:6:processTurn	16	static
stm32f3xx_it.c:732:6:movePlayerTo	16	static
stm32f3xx_it.c:751:6:printGame	24	static
stm32f3xx_it.c:802:6:chooseWhichObject	56	static
stm32f3xx_it.c:868:6:setRowObjects	32	static
stm32f3xx_it.c:905:6:initGameState	16	static
stm32f3xx_it.c:963:6:keypadCallback	32	static
stm32f3xx_it.c:1092:6:set_seg_value	16	static
stm32f3xx_it.c:1146:6:setScoreSeven	4	static
stm32f3xx_it.c:1153:6:show	24	static
