stm32f3xx_it.c:107:6:NMI_Handler	4	static
stm32f3xx_it.c:122:6:HardFault_Handler	4	static
stm32f3xx_it.c:137:6:MemManage_Handler	4	static
stm32f3xx_it.c:152:6:BusFault_Handler	4	static
stm32f3xx_it.c:167:6:UsageFault_Handler	4	static
stm32f3xx_it.c:182:6:SVC_Handler	4	static
stm32f3xx_it.c:195:6:DebugMon_Handler	4	static
stm32f3xx_it.c:208:6:PendSV_Handler	4	static
stm32f3xx_it.c:221:6:SysTick_Handler	8	static
stm32f3xx_it.c:242:6:EXTI0_IRQHandler	8	static
stm32f3xx_it.c:257:6:EXTI1_IRQHandler	8	static
stm32f3xx_it.c:272:6:EXTI2_TSC_IRQHandler	8	static
stm32f3xx_it.c:287:6:EXTI3_IRQHandler	8	static
stm32f3xx_it.c:302:6:TIM2_IRQHandler	8	static
stm32f3xx_it.c:354:5:getRandom	24	static
stm32f3xx_it.c:362:6:processTurn	16	static
stm32f3xx_it.c:403:6:movePlayerTo	16	static
stm32f3xx_it.c:421:6:printGame	24	static
stm32f3xx_it.c:454:6:chooseWhichObject	48	static
stm32f3xx_it.c:499:6:setRowObjects	32	static
stm32f3xx_it.c:518:6:initGameState	16	static
stm32f3xx_it.c:560:6:keypadCallback	32	static
