stm32f3xx_it.c:149:6:NMI_Handler	4	static
stm32f3xx_it.c:164:6:HardFault_Handler	4	static
stm32f3xx_it.c:179:6:MemManage_Handler	4	static
stm32f3xx_it.c:194:6:BusFault_Handler	4	static
stm32f3xx_it.c:209:6:UsageFault_Handler	4	static
stm32f3xx_it.c:224:6:SVC_Handler	4	static
stm32f3xx_it.c:237:6:DebugMon_Handler	4	static
stm32f3xx_it.c:250:6:PendSV_Handler	4	static
stm32f3xx_it.c:263:6:SysTick_Handler	8	static
stm32f3xx_it.c:284:6:EXTI0_IRQHandler	8	static
stm32f3xx_it.c:299:6:EXTI1_IRQHandler	8	static
stm32f3xx_it.c:314:6:EXTI2_TSC_IRQHandler	8	static
stm32f3xx_it.c:329:6:EXTI3_IRQHandler	8	static
stm32f3xx_it.c:344:6:TIM2_IRQHandler	696	static
stm32f3xx_it.c:442:6:TIM3_IRQHandler	8	static
stm32f3xx_it.c:467:6:USART2_IRQHandler	8	static
stm32f3xx_it.c:481:6:TIM7_IRQHandler	8	static
stm32f3xx_it.c:529:6:ADC4_IRQHandler	8	static
stm32f3xx_it.c:542:5:getRandom	24	static
stm32f3xx_it.c:550:6:fireBullet	4	static
stm32f3xx_it.c:558:6:processTurn	16	static
stm32f3xx_it.c:722:6:movePlayerTo	16	static
stm32f3xx_it.c:741:6:printGame	24	static
stm32f3xx_it.c:792:6:chooseWhichObject	56	static
stm32f3xx_it.c:858:6:setRowObjects	32	static
stm32f3xx_it.c:895:6:initGameState	16	static
stm32f3xx_it.c:953:6:keypadCallback	32	static
stm32f3xx_it.c:1082:6:set_seg_value	16	static
stm32f3xx_it.c:1136:6:setScoreSeven	4	static
stm32f3xx_it.c:1143:6:show	24	static
stm32f3xx_it.c:1152:6:buzz	16	static
