stm32f3xx_it.c:112:6:NMI_Handler	4	static
stm32f3xx_it.c:127:6:HardFault_Handler	4	static
stm32f3xx_it.c:142:6:MemManage_Handler	4	static
stm32f3xx_it.c:157:6:BusFault_Handler	4	static
stm32f3xx_it.c:172:6:UsageFault_Handler	4	static
stm32f3xx_it.c:187:6:SVC_Handler	4	static
stm32f3xx_it.c:200:6:DebugMon_Handler	4	static
stm32f3xx_it.c:213:6:PendSV_Handler	4	static
stm32f3xx_it.c:226:6:SysTick_Handler	8	static
stm32f3xx_it.c:247:6:EXTI0_IRQHandler	8	static
stm32f3xx_it.c:262:6:EXTI1_IRQHandler	8	static
stm32f3xx_it.c:277:6:EXTI2_TSC_IRQHandler	8	static
stm32f3xx_it.c:292:6:EXTI3_IRQHandler	8	static
stm32f3xx_it.c:307:6:TIM2_IRQHandler	8	static
stm32f3xx_it.c:359:5:getRandom	24	static
stm32f3xx_it.c:367:6:processTurn	16	static
stm32f3xx_it.c:478:6:movePlayerTo	16	static
stm32f3xx_it.c:496:6:printGame	24	static
stm32f3xx_it.c:529:6:chooseWhichObject	72	static
stm32f3xx_it.c:583:6:setRowObjects	32	static
stm32f3xx_it.c:612:6:initGameState	16	static
stm32f3xx_it.c:658:6:keypadCallback	32	static
