stm32f3xx_it.c:135:6:NMI_Handler	4	static
stm32f3xx_it.c:150:6:HardFault_Handler	4	static
stm32f3xx_it.c:165:6:MemManage_Handler	4	static
stm32f3xx_it.c:180:6:BusFault_Handler	4	static
stm32f3xx_it.c:195:6:UsageFault_Handler	4	static
stm32f3xx_it.c:210:6:SVC_Handler	4	static
stm32f3xx_it.c:223:6:DebugMon_Handler	4	static
stm32f3xx_it.c:236:6:PendSV_Handler	4	static
stm32f3xx_it.c:249:6:SysTick_Handler	8	static
stm32f3xx_it.c:270:6:EXTI0_IRQHandler	8	static
stm32f3xx_it.c:285:6:EXTI1_IRQHandler	8	static
stm32f3xx_it.c:300:6:EXTI2_TSC_IRQHandler	8	static
stm32f3xx_it.c:315:6:EXTI3_IRQHandler	8	static
stm32f3xx_it.c:330:6:TIM2_IRQHandler	696	static
stm32f3xx_it.c:412:6:USART2_IRQHandler	8	static
stm32f3xx_it.c:426:6:TIM7_IRQHandler	8	static
stm32f3xx_it.c:473:5:getRandom	24	static
stm32f3xx_it.c:481:6:fireBullet	4	static
stm32f3xx_it.c:489:6:processTurn	16	static
stm32f3xx_it.c:652:6:movePlayerTo	16	static
stm32f3xx_it.c:671:6:printGame	24	static
stm32f3xx_it.c:722:6:chooseWhichObject	56	static
stm32f3xx_it.c:788:6:setRowObjects	32	static
stm32f3xx_it.c:825:6:initGameState	16	static
stm32f3xx_it.c:883:6:keypadCallback	32	static
stm32f3xx_it.c:1012:6:set_seg_value	16	static
stm32f3xx_it.c:1066:6:setScoreSeven	4	static
