stm32f3xx_it.c:114:6:NMI_Handler	4	static
stm32f3xx_it.c:129:6:HardFault_Handler	4	static
stm32f3xx_it.c:144:6:MemManage_Handler	4	static
stm32f3xx_it.c:159:6:BusFault_Handler	4	static
stm32f3xx_it.c:174:6:UsageFault_Handler	4	static
stm32f3xx_it.c:189:6:SVC_Handler	4	static
stm32f3xx_it.c:202:6:DebugMon_Handler	4	static
stm32f3xx_it.c:215:6:PendSV_Handler	4	static
stm32f3xx_it.c:228:6:SysTick_Handler	8	static
stm32f3xx_it.c:249:6:EXTI0_IRQHandler	8	static
stm32f3xx_it.c:264:6:EXTI1_IRQHandler	8	static
stm32f3xx_it.c:279:6:EXTI2_TSC_IRQHandler	8	static
stm32f3xx_it.c:294:6:EXTI3_IRQHandler	8	static
stm32f3xx_it.c:309:6:TIM2_IRQHandler	8	static
stm32f3xx_it.c:361:5:getRandom	24	static
stm32f3xx_it.c:369:6:processTurn	16	static
stm32f3xx_it.c:482:6:movePlayerTo	16	static
stm32f3xx_it.c:500:6:printGame	24	static
stm32f3xx_it.c:533:6:chooseWhichObject	72	static
stm32f3xx_it.c:587:6:setRowObjects	32	static
stm32f3xx_it.c:618:6:initGameState	16	static
stm32f3xx_it.c:665:6:keypadCallback	32	static
